2026-03-03 01:06:42 | INFO     | Database initialized at /home/node/.openclaw/workspace-shinji/fcc-monitor/data/fcc_monitor.db
2026-03-03 01:06:42 | INFO     | Starting FCC Browserless crawl for 10 grantee codes
2026-03-03 01:06:42 | INFO     | Browserless region: sfo, stealth: True
2026-03-03 01:06:42 | INFO     | === Processing UZ7 ===
2026-03-03 01:06:42 | INFO     | Browserless endpoint: wss://production-sfo.browserless.io/stealth?token=***
2026-03-03 01:06:43 | INFO     | Connecting to Browserless cloud...
2026-03-03 01:06:45 | INFO     | Successfully connected to Browserless
2026-03-03 01:06:45 | INFO     | Navigating to FCC search page for UZ7 (attempt 1/3)...
2026-03-03 01:06:46 | DEBUG    | Browser console: Failed to load resource: the server responded with a status of 404 ()
2026-03-03 01:06:50 | DEBUG    | Page title: FCC OET Authorization Search, URL: https://apps.fcc.gov/oetcf/eas/reports/GenericSearch.cfm
2026-03-03 01:06:51 | DEBUG    | Found input with selector: input[name="grantee_code"]
2026-03-03 01:06:54 | INFO     | Clicking search for grantee: UZ7
2026-03-03 01:06:56 | DEBUG    | Browser console: Failed to load resource: the server responded with a status of 404 ()
2026-03-03 01:07:02 | INFO     | DEBUG - Found 23 tables
2026-03-03 01:07:02 | INFO     | DEBUG Table 0: rows=3, dataRows=1, headers=['', 'search|rss |updates |e-filing |initiatives |consumers |find people', 'search|rss |updates |e-filing |initiatives |consumers |find people', '', ''], fccId=False, grantDate=False
2026-03-03 01:07:02 | INFO     | DEBUG Table 1: rows=2, dataRows=0, headers=['search|rss |updates |e-filing |initiatives |consumers |find people'], fccId=False, grantDate=False
2026-03-03 01:07:02 | INFO     | DEBUG Table 2: rows=2, dataRows=0, headers=['office of engineering and technology', ''], fccId=False, grantDate=False
2026-03-03 01:07:02 | INFO     | DEBUG Table 3: rows=1, dataRows=1, headers=['', 'fcc > fcc e-filing > eas > search', 'fcc\xa0site\xa0map'], fccId=False, grantDate=False
2026-03-03 01:07:02 | INFO     | DEBUG Table 4: rows=28, dataRows=13, headers=['oet home page \n\xa0\n\nfiling options \n\ngrantee registration\n\nmodify grantee information\n\nreply to grantee name change correspondence\n\ntest firm accrediting body login\n\nreturn to 159 / pay for a grantee registration\n\n\n\xa0\n\nreports \n\npending application status\n\nauthorization search\n\ngrantee search\n\npending grantee search\n\ntcb search\n\ntest firms\n\ntest firm accrediting bodies\n\nequipment class/rule part list\n\n\n\xa0\n\nmiscellaneous \n\nget frn\n\nknowledge database\n\nhearing aid compatibility status reporting\n\nmeasurement procedures', 'oet home page', 'oet home page', 'oet home page', ''], fccId=False, grantDate=False
2026-03-03 01:07:02 | INFO     | DEBUG Table 5: rows=3, dataRows=1, headers=['oet home page', 'oet home page', 'oet home page'], fccId=False, grantDate=False
2026-03-03 01:07:02 | INFO     | DEBUG Table 6: rows=2, dataRows=0, headers=['oet home page', 'oet home page'], fccId=False, grantDate=False
2026-03-03 01:07:02 | INFO     | DEBUG Table 7: rows=1, dataRows=0, headers=['oet home page'], fccId=False, grantDate=False
2026-03-03 01:07:02 | INFO     | DEBUG Table 8: rows=2, dataRows=0, headers=[''], fccId=False, grantDate=False
2026-03-03 01:07:02 | INFO     | DEBUG Table 9: rows=2, dataRows=0, headers=['grantee registration\n\nmodify grantee information\n\nreply to grantee name change correspondence\n\ntest firm accrediting body login\n\nreturn to 159 / pay for a grantee registration', 'grantee registration\n\nmodify grantee information\n\nreply to grantee name change correspondence\n\ntest firm accrediting body login\n\nreturn to 159 / pay for a grantee registration'], fccId=False, grantDate=False
2026-03-03 01:07:02 | INFO     | DEBUG Table 10: rows=1, dataRows=0, headers=['grantee registration\n\nmodify grantee information\n\nreply to grantee name change correspondence\n\ntest firm accrediting body login\n\nreturn to 159 / pay for a grantee registration'], fccId=False, grantDate=False
2026-03-03 01:07:02 | INFO     | DEBUG Table 11: rows=2, dataRows=0, headers=[''], fccId=False, grantDate=False
2026-03-03 01:07:02 | INFO     | DEBUG Table 12: rows=2, dataRows=0, headers=['pending application status\n\nauthorization search\n\ngrantee search\n\npending grantee search\n\ntcb search\n\ntest firms\n\ntest firm accrediting bodies\n\nequipment class/rule part list', 'pending application status\n\nauthorization search\n\ngrantee search\n\npending grantee search\n\ntcb search\n\ntest firms\n\ntest firm accrediting bodies\n\nequipment class/rule part list'], fccId=False, grantDate=False
2026-03-03 01:07:02 | INFO     | DEBUG Table 13: rows=1, dataRows=0, headers=['pending application status\n\nauthorization search\n\ngrantee search\n\npending grantee search\n\ntcb search\n\ntest firms\n\ntest firm accrediting bodies\n\nequipment class/rule part list'], fccId=False, grantDate=False
2026-03-03 01:07:02 | INFO     | DEBUG Table 14: rows=2, dataRows=0, headers=[''], fccId=False, grantDate=False
2026-03-03 01:07:02 | INFO     | DEBUG Table 15: rows=2, dataRows=0, headers=['get frn\n\nknowledge database\n\nhearing aid compatibility status reporting\n\nmeasurement procedures', 'get frn\n\nknowledge database\n\nhearing aid compatibility status reporting\n\nmeasurement procedures'], fccId=False, grantDate=False
2026-03-03 01:07:02 | INFO     | DEBUG Table 16: rows=1, dataRows=0, headers=['get frn\n\nknowledge database\n\nhearing aid compatibility status reporting\n\nmeasurement procedures'], fccId=False, grantDate=False
2026-03-03 01:07:02 | INFO     | DEBUG Table 17: rows=11, dataRows=10, headers=['', 'view form', 'display\nexhibits', 'display\ngrant', 'display\ncorresp-\nondence'], fccId=True, grantDate=True
2026-03-03 01:07:02 | INFO     | DEBUG Table 18: rows=1, dataRows=0, headers=[''], fccId=False, grantDate=False
2026-03-03 01:07:02 | INFO     | DEBUG Table 19: rows=1, dataRows=0, headers=[''], fccId=False, grantDate=False
2026-03-03 01:07:02 | INFO     | DEBUG Table 20: rows=7, dataRows=1, headers=['please use the submit inquiry link at www.fcc.gov/labhelp to send any comments or suggestions for this site'], fccId=False, grantDate=False
2026-03-03 01:07:02 | INFO     | DEBUG Table 21: rows=4, dataRows=0, headers=['phone:', '888-call-fcc (225-5322)'], fccId=False, grantDate=False
2026-03-03 01:07:02 | INFO     | DEBUG Table 22: rows=1, dataRows=0, headers=['- privacy policy\n- web policies & notices\n- customer service standards\n- freedom of information act'], fccId=False, grantDate=False
2026-03-03 01:07:02 | INFO     | DEBUG - Selected table index: 17 with 10 data rows
2026-03-03 01:07:02 | ERROR    | Error parsing results: Page.evaluate: SyntaxError: Unexpected token '{'
    at eval (<anonymous>)
    at UtilityScript.evaluate (<anonymous>:290:30)
    at UtilityScript.<anonymous> (<anonymous>:1:44)
2026-03-03 01:07:02 | INFO     | Found 0 records for UZ7
2026-03-03 01:07:03 | INFO     | Disconnected from Browserless
2026-03-03 01:07:03 | ERROR    | Browserless crawl failed for UZ7: Failed to access FCC website after 3 attempts - likely blocked
2026-03-03 01:07:05 | INFO     | === Processing HD5 ===
2026-03-03 01:07:05 | INFO     | Browserless endpoint: wss://production-sfo.browserless.io/stealth?token=***
2026-03-03 01:07:06 | INFO     | Connecting to Browserless cloud...
2026-03-03 01:07:08 | INFO     | Successfully connected to Browserless
2026-03-03 01:07:08 | INFO     | Navigating to FCC search page for HD5 (attempt 1/3)...
2026-03-03 01:07:08 | DEBUG    | Browser console: Failed to load resource: the server responded with a status of 404 ()
2026-03-03 01:07:13 | DEBUG    | Page title: FCC OET Authorization Search, URL: https://apps.fcc.gov/oetcf/eas/reports/GenericSearch.cfm
2026-03-03 01:07:14 | DEBUG    | Found input with selector: input[name="grantee_code"]
2026-03-03 01:07:17 | INFO     | Clicking search for grantee: HD5
2026-03-03 01:07:19 | DEBUG    | Browser console: Failed to load resource: the server responded with a status of 404 ()
2026-03-03 01:07:26 | INFO     | DEBUG - Found 23 tables
2026-03-03 01:07:26 | INFO     | DEBUG Table 0: rows=3, dataRows=1, headers=['', 'search|rss |updates |e-filing |initiatives |consumers |find people', 'search|rss |updates |e-filing |initiatives |consumers |find people', '', ''], fccId=False, grantDate=False
2026-03-03 01:07:26 | INFO     | DEBUG Table 1: rows=2, dataRows=0, headers=['search|rss |updates |e-filing |initiatives |consumers |find people'], fccId=False, grantDate=False
2026-03-03 01:07:26 | INFO     | DEBUG Table 2: rows=2, dataRows=0, headers=['office of engineering and technology', ''], fccId=False, grantDate=False
2026-03-03 01:07:26 | INFO     | DEBUG Table 3: rows=1, dataRows=1, headers=['', 'fcc > fcc e-filing > eas > search', 'fcc\xa0site\xa0map'], fccId=False, grantDate=False
2026-03-03 01:07:26 | INFO     | DEBUG Table 4: rows=28, dataRows=13, headers=['oet home page \n\xa0\n\nfiling options \n\ngrantee registration\n\nmodify grantee information\n\nreply to grantee name change correspondence\n\ntest firm accrediting body login\n\nreturn to 159 / pay for a grantee registration\n\n\n\xa0\n\nreports \n\npending application status\n\nauthorization search\n\ngrantee search\n\npending grantee search\n\ntcb search\n\ntest firms\n\ntest firm accrediting bodies\n\nequipment class/rule part list\n\n\n\xa0\n\nmiscellaneous \n\nget frn\n\nknowledge database\n\nhearing aid compatibility status reporting\n\nmeasurement procedures', 'oet home page', 'oet home page', 'oet home page', ''], fccId=False, grantDate=False
2026-03-03 01:07:26 | INFO     | DEBUG Table 5: rows=3, dataRows=1, headers=['oet home page', 'oet home page', 'oet home page'], fccId=False, grantDate=False
2026-03-03 01:07:26 | INFO     | DEBUG Table 6: rows=2, dataRows=0, headers=['oet home page', 'oet home page'], fccId=False, grantDate=False
2026-03-03 01:07:26 | INFO     | DEBUG Table 7: rows=1, dataRows=0, headers=['oet home page'], fccId=False, grantDate=False
2026-03-03 01:07:26 | INFO     | DEBUG Table 8: rows=2, dataRows=0, headers=[''], fccId=False, grantDate=False
2026-03-03 01:07:26 | INFO     | DEBUG Table 9: rows=2, dataRows=0, headers=['grantee registration\n\nmodify grantee information\n\nreply to grantee name change correspondence\n\ntest firm accrediting body login\n\nreturn to 159 / pay for a grantee registration', 'grantee registration\n\nmodify grantee information\n\nreply to grantee name change correspondence\n\ntest firm accrediting body login\n\nreturn to 159 / pay for a grantee registration'], fccId=False, grantDate=False
2026-03-03 01:07:26 | INFO     | DEBUG Table 10: rows=1, dataRows=0, headers=['grantee registration\n\nmodify grantee information\n\nreply to grantee name change correspondence\n\ntest firm accrediting body login\n\nreturn to 159 / pay for a grantee registration'], fccId=False, grantDate=False
2026-03-03 01:07:26 | INFO     | DEBUG Table 11: rows=2, dataRows=0, headers=[''], fccId=False, grantDate=False
2026-03-03 01:07:26 | INFO     | DEBUG Table 12: rows=2, dataRows=0, headers=['pending application status\n\nauthorization search\n\ngrantee search\n\npending grantee search\n\ntcb search\n\ntest firms\n\ntest firm accrediting bodies\n\nequipment class/rule part list', 'pending application status\n\nauthorization search\n\ngrantee search\n\npending grantee search\n\ntcb search\n\ntest firms\n\ntest firm accrediting bodies\n\nequipment class/rule part list'], fccId=False, grantDate=False
2026-03-03 01:07:26 | INFO     | DEBUG Table 13: rows=1, dataRows=0, headers=['pending application status\n\nauthorization search\n\ngrantee search\n\npending grantee search\n\ntcb search\n\ntest firms\n\ntest firm accrediting bodies\n\nequipment class/rule part list'], fccId=False, grantDate=False
2026-03-03 01:07:26 | INFO     | DEBUG Table 14: rows=2, dataRows=0, headers=[''], fccId=False, grantDate=False
2026-03-03 01:07:26 | INFO     | DEBUG Table 15: rows=2, dataRows=0, headers=['get frn\n\nknowledge database\n\nhearing aid compatibility status reporting\n\nmeasurement procedures', 'get frn\n\nknowledge database\n\nhearing aid compatibility status reporting\n\nmeasurement procedures'], fccId=False, grantDate=False
2026-03-03 01:07:26 | INFO     | DEBUG Table 16: rows=1, dataRows=0, headers=['get frn\n\nknowledge database\n\nhearing aid compatibility status reporting\n\nmeasurement procedures'], fccId=False, grantDate=False
2026-03-03 01:07:26 | INFO     | DEBUG Table 17: rows=11, dataRows=10, headers=['', 'view form', 'display\nexhibits', 'display\ngrant', 'display\ncorresp-\nondence'], fccId=True, grantDate=True
2026-03-03 01:07:26 | INFO     | DEBUG Table 18: rows=1, dataRows=0, headers=[''], fccId=False, grantDate=False
2026-03-03 01:07:26 | INFO     | DEBUG Table 19: rows=1, dataRows=0, headers=[''], fccId=False, grantDate=False
2026-03-03 01:07:26 | INFO     | DEBUG Table 20: rows=7, dataRows=1, headers=['please use the submit inquiry link at www.fcc.gov/labhelp to send any comments or suggestions for this site'], fccId=False, grantDate=False
2026-03-03 01:07:26 | INFO     | DEBUG Table 21: rows=4, dataRows=0, headers=['phone:', '888-call-fcc (225-5322)'], fccId=False, grantDate=False
2026-03-03 01:07:26 | INFO     | DEBUG Table 22: rows=1, dataRows=0, headers=['- privacy policy\n- web policies & notices\n- customer service standards\n- freedom of information act'], fccId=False, grantDate=False
2026-03-03 01:07:26 | INFO     | DEBUG - Selected table index: 17 with 10 data rows
2026-03-03 01:07:26 | ERROR    | Error parsing results: Page.evaluate: SyntaxError: Unexpected token '{'
    at eval (<anonymous>)
    at UtilityScript.evaluate (<anonymous>:290:30)
    at UtilityScript.<anonymous> (<anonymous>:1:44)
2026-03-03 01:07:26 | INFO     | Found 0 records for HD5
2026-03-03 01:07:26 | INFO     | Disconnected from Browserless
2026-03-03 01:07:26 | ERROR    | Browserless crawl failed for HD5: Failed to access FCC website after 3 attempts - likely blocked
2026-03-03 01:07:28 | INFO     | === Processing U4F ===
2026-03-03 01:07:28 | INFO     | Browserless endpoint: wss://production-sfo.browserless.io/stealth?token=***
2026-03-03 01:07:29 | INFO     | Connecting to Browserless cloud...
2026-03-03 01:07:31 | INFO     | Successfully connected to Browserless
2026-03-03 01:07:31 | INFO     | Navigating to FCC search page for U4F (attempt 1/3)...
2026-03-03 01:07:32 | DEBUG    | Browser console: Failed to load resource: the server responded with a status of 404 ()
2026-03-03 01:07:37 | DEBUG    | Page title: FCC OET Authorization Search, URL: https://apps.fcc.gov/oetcf/eas/reports/GenericSearch.cfm
2026-03-03 01:07:38 | DEBUG    | Found input with selector: input[name="grantee_code"]
2026-03-03 01:07:41 | INFO     | Clicking search for grantee: U4F
2026-03-03 01:07:43 | DEBUG    | Browser console: Failed to load resource: the server responded with a status of 404 ()
2026-03-03 01:07:49 | INFO     | DEBUG - Found 23 tables
2026-03-03 01:07:49 | INFO     | DEBUG Table 0: rows=3, dataRows=1, headers=['', 'search|rss |updates |e-filing |initiatives |consumers |find people', 'search|rss |updates |e-filing |initiatives |consumers |find people', '', ''], fccId=False, grantDate=False
2026-03-03 01:07:49 | INFO     | DEBUG Table 1: rows=2, dataRows=0, headers=['search|rss |updates |e-filing |initiatives |consumers |find people'], fccId=False, grantDate=False
2026-03-03 01:07:49 | INFO     | DEBUG Table 2: rows=2, dataRows=0, headers=['office of engineering and technology', ''], fccId=False, grantDate=False
2026-03-03 01:07:49 | INFO     | DEBUG Table 3: rows=1, dataRows=1, headers=['', 'fcc > fcc e-filing > eas > search', 'fcc\xa0site\xa0map'], fccId=False, grantDate=False
2026-03-03 01:07:49 | INFO     | DEBUG Table 4: rows=28, dataRows=13, headers=['oet home page \n\xa0\n\nfiling options \n\ngrantee registration\n\nmodify grantee information\n\nreply to grantee name change correspondence\n\ntest firm accrediting body login\n\nreturn to 159 / pay for a grantee registration\n\n\n\xa0\n\nreports \n\npending application status\n\nauthorization search\n\ngrantee search\n\npending grantee search\n\ntcb search\n\ntest firms\n\ntest firm accrediting bodies\n\nequipment class/rule part list\n\n\n\xa0\n\nmiscellaneous \n\nget frn\n\nknowledge database\n\nhearing aid compatibility status reporting\n\nmeasurement procedures', 'oet home page', 'oet home page', 'oet home page', ''], fccId=False, grantDate=False
2026-03-03 01:07:49 | INFO     | DEBUG Table 5: rows=3, dataRows=1, headers=['oet home page', 'oet home page', 'oet home page'], fccId=False, grantDate=False
2026-03-03 01:07:49 | INFO     | DEBUG Table 6: rows=2, dataRows=0, headers=['oet home page', 'oet home page'], fccId=False, grantDate=False
2026-03-03 01:07:49 | INFO     | DEBUG Table 7: rows=1, dataRows=0, headers=['oet home page'], fccId=False, grantDate=False
2026-03-03 01:07:49 | INFO     | DEBUG Table 8: rows=2, dataRows=0, headers=[''], fccId=False, grantDate=False
2026-03-03 01:07:49 | INFO     | DEBUG Table 9: rows=2, dataRows=0, headers=['grantee registration\n\nmodify grantee information\n\nreply to grantee name change correspondence\n\ntest firm accrediting body login\n\nreturn to 159 / pay for a grantee registration', 'grantee registration\n\nmodify grantee information\n\nreply to grantee name change correspondence\n\ntest firm accrediting body login\n\nreturn to 159 / pay for a grantee registration'], fccId=False, grantDate=False
2026-03-03 01:07:49 | INFO     | DEBUG Table 10: rows=1, dataRows=0, headers=['grantee registration\n\nmodify grantee information\n\nreply to grantee name change correspondence\n\ntest firm accrediting body login\n\nreturn to 159 / pay for a grantee registration'], fccId=False, grantDate=False
2026-03-03 01:07:49 | INFO     | DEBUG Table 11: rows=2, dataRows=0, headers=[''], fccId=False, grantDate=False
2026-03-03 01:07:49 | INFO     | DEBUG Table 12: rows=2, dataRows=0, headers=['pending application status\n\nauthorization search\n\ngrantee search\n\npending grantee search\n\ntcb search\n\ntest firms\n\ntest firm accrediting bodies\n\nequipment class/rule part list', 'pending application status\n\nauthorization search\n\ngrantee search\n\npending grantee search\n\ntcb search\n\ntest firms\n\ntest firm accrediting bodies\n\nequipment class/rule part list'], fccId=False, grantDate=False
2026-03-03 01:07:49 | INFO     | DEBUG Table 13: rows=1, dataRows=0, headers=['pending application status\n\nauthorization search\n\ngrantee search\n\npending grantee search\n\ntcb search\n\ntest firms\n\ntest firm accrediting bodies\n\nequipment class/rule part list'], fccId=False, grantDate=False
2026-03-03 01:07:49 | INFO     | DEBUG Table 14: rows=2, dataRows=0, headers=[''], fccId=False, grantDate=False
2026-03-03 01:07:49 | INFO     | DEBUG Table 15: rows=2, dataRows=0, headers=['get frn\n\nknowledge database\n\nhearing aid compatibility status reporting\n\nmeasurement procedures', 'get frn\n\nknowledge database\n\nhearing aid compatibility status reporting\n\nmeasurement procedures'], fccId=False, grantDate=False
2026-03-03 01:07:49 | INFO     | DEBUG Table 16: rows=1, dataRows=0, headers=['get frn\n\nknowledge database\n\nhearing aid compatibility status reporting\n\nmeasurement procedures'], fccId=False, grantDate=False
2026-03-03 01:07:49 | INFO     | DEBUG Table 17: rows=11, dataRows=10, headers=['', 'view form', 'display\nexhibits', 'display\ngrant', 'display\ncorresp-\nondence'], fccId=True, grantDate=True
2026-03-03 01:07:49 | INFO     | DEBUG Table 18: rows=1, dataRows=0, headers=[''], fccId=False, grantDate=False
2026-03-03 01:07:49 | INFO     | DEBUG Table 19: rows=1, dataRows=0, headers=[''], fccId=False, grantDate=False
2026-03-03 01:07:49 | INFO     | DEBUG Table 20: rows=7, dataRows=1, headers=['please use the submit inquiry link at www.fcc.gov/labhelp to send any comments or suggestions for this site'], fccId=False, grantDate=False
2026-03-03 01:07:49 | INFO     | DEBUG Table 21: rows=4, dataRows=0, headers=['phone:', '888-call-fcc (225-5322)'], fccId=False, grantDate=False
2026-03-03 01:07:49 | INFO     | DEBUG Table 22: rows=1, dataRows=0, headers=['- privacy policy\n- web policies & notices\n- customer service standards\n- freedom of information act'], fccId=False, grantDate=False
2026-03-03 01:07:49 | INFO     | DEBUG - Selected table index: 17 with 10 data rows
2026-03-03 01:07:49 | ERROR    | Error parsing results: Page.evaluate: SyntaxError: Unexpected token '{'
    at eval (<anonymous>)
    at UtilityScript.evaluate (<anonymous>:290:30)
    at UtilityScript.<anonymous> (<anonymous>:1:44)
2026-03-03 01:07:49 | INFO     | Found 0 records for U4F
2026-03-03 01:07:50 | INFO     | Disconnected from Browserless
2026-03-03 01:07:50 | ERROR    | Browserless crawl failed for U4F: Failed to access FCC website after 3 attempts - likely blocked
2026-03-03 01:07:52 | INFO     | === Processing U4G ===
2026-03-03 01:07:52 | INFO     | Browserless endpoint: wss://production-sfo.browserless.io/stealth?token=***
2026-03-03 01:07:52 | INFO     | Connecting to Browserless cloud...
2026-03-03 01:07:55 | INFO     | Successfully connected to Browserless
2026-03-03 01:07:55 | INFO     | Navigating to FCC search page for U4G (attempt 1/3)...
2026-03-03 01:07:55 | DEBUG    | Browser console: Failed to load resource: the server responded with a status of 404 ()
2026-03-03 01:08:00 | DEBUG    | Page title: FCC OET Authorization Search, URL: https://apps.fcc.gov/oetcf/eas/reports/GenericSearch.cfm
2026-03-03 01:08:01 | DEBUG    | Found input with selector: input[name="grantee_code"]
2026-03-03 01:08:04 | INFO     | Clicking search for grantee: U4G
2026-03-03 01:08:06 | DEBUG    | Browser console: Failed to load resource: the server responded with a status of 404 ()
2026-03-03 01:08:12 | INFO     | DEBUG - Found 23 tables
2026-03-03 01:08:12 | INFO     | DEBUG Table 0: rows=3, dataRows=1, headers=['', 'search|rss |updates |e-filing |initiatives |consumers |find people', 'search|rss |updates |e-filing |initiatives |consumers |find people', '', ''], fccId=False, grantDate=False
2026-03-03 01:08:12 | INFO     | DEBUG Table 1: rows=2, dataRows=0, headers=['search|rss |updates |e-filing |initiatives |consumers |find people'], fccId=False, grantDate=False
2026-03-03 01:08:12 | INFO     | DEBUG Table 2: rows=2, dataRows=0, headers=['office of engineering and technology', ''], fccId=False, grantDate=False
2026-03-03 01:08:12 | INFO     | DEBUG Table 3: rows=1, dataRows=1, headers=['', 'fcc > fcc e-filing > eas > search', 'fcc\xa0site\xa0map'], fccId=False, grantDate=False
2026-03-03 01:08:12 | INFO     | DEBUG Table 4: rows=28, dataRows=13, headers=['oet home page \n\xa0\n\nfiling options \n\ngrantee registration\n\nmodify grantee information\n\nreply to grantee name change correspondence\n\ntest firm accrediting body login\n\nreturn to 159 / pay for a grantee registration\n\n\n\xa0\n\nreports \n\npending application status\n\nauthorization search\n\ngrantee search\n\npending grantee search\n\ntcb search\n\ntest firms\n\ntest firm accrediting bodies\n\nequipment class/rule part list\n\n\n\xa0\n\nmiscellaneous \n\nget frn\n\nknowledge database\n\nhearing aid compatibility status reporting\n\nmeasurement procedures', 'oet home page', 'oet home page', 'oet home page', ''], fccId=False, grantDate=False
2026-03-03 01:08:12 | INFO     | DEBUG Table 5: rows=3, dataRows=1, headers=['oet home page', 'oet home page', 'oet home page'], fccId=False, grantDate=False
2026-03-03 01:08:12 | INFO     | DEBUG Table 6: rows=2, dataRows=0, headers=['oet home page', 'oet home page'], fccId=False, grantDate=False
2026-03-03 01:08:12 | INFO     | DEBUG Table 7: rows=1, dataRows=0, headers=['oet home page'], fccId=False, grantDate=False
2026-03-03 01:08:12 | INFO     | DEBUG Table 8: rows=2, dataRows=0, headers=[''], fccId=False, grantDate=False
2026-03-03 01:08:12 | INFO     | DEBUG Table 9: rows=2, dataRows=0, headers=['grantee registration\n\nmodify grantee information\n\nreply to grantee name change correspondence\n\ntest firm accrediting body login\n\nreturn to 159 / pay for a grantee registration', 'grantee registration\n\nmodify grantee information\n\nreply to grantee name change correspondence\n\ntest firm accrediting body login\n\nreturn to 159 / pay for a grantee registration'], fccId=False, grantDate=False
2026-03-03 01:08:12 | INFO     | DEBUG Table 10: rows=1, dataRows=0, headers=['grantee registration\n\nmodify grantee information\n\nreply to grantee name change correspondence\n\ntest firm accrediting body login\n\nreturn to 159 / pay for a grantee registration'], fccId=False, grantDate=False
2026-03-03 01:08:12 | INFO     | DEBUG Table 11: rows=2, dataRows=0, headers=[''], fccId=False, grantDate=False
2026-03-03 01:08:12 | INFO     | DEBUG Table 12: rows=2, dataRows=0, headers=['pending application status\n\nauthorization search\n\ngrantee search\n\npending grantee search\n\ntcb search\n\ntest firms\n\ntest firm accrediting bodies\n\nequipment class/rule part list', 'pending application status\n\nauthorization search\n\ngrantee search\n\npending grantee search\n\ntcb search\n\ntest firms\n\ntest firm accrediting bodies\n\nequipment class/rule part list'], fccId=False, grantDate=False
2026-03-03 01:08:12 | INFO     | DEBUG Table 13: rows=1, dataRows=0, headers=['pending application status\n\nauthorization search\n\ngrantee search\n\npending grantee search\n\ntcb search\n\ntest firms\n\ntest firm accrediting bodies\n\nequipment class/rule part list'], fccId=False, grantDate=False
2026-03-03 01:08:12 | INFO     | DEBUG Table 14: rows=2, dataRows=0, headers=[''], fccId=False, grantDate=False
2026-03-03 01:08:12 | INFO     | DEBUG Table 15: rows=2, dataRows=0, headers=['get frn\n\nknowledge database\n\nhearing aid compatibility status reporting\n\nmeasurement procedures', 'get frn\n\nknowledge database\n\nhearing aid compatibility status reporting\n\nmeasurement procedures'], fccId=False, grantDate=False
2026-03-03 01:08:12 | INFO     | DEBUG Table 16: rows=1, dataRows=0, headers=['get frn\n\nknowledge database\n\nhearing aid compatibility status reporting\n\nmeasurement procedures'], fccId=False, grantDate=False
2026-03-03 01:08:12 | INFO     | DEBUG Table 17: rows=11, dataRows=10, headers=['', 'view form', 'display\nexhibits', 'display\ngrant', 'display\ncorresp-\nondence'], fccId=True, grantDate=True
2026-03-03 01:08:12 | INFO     | DEBUG Table 18: rows=1, dataRows=0, headers=[''], fccId=False, grantDate=False
2026-03-03 01:08:12 | INFO     | DEBUG Table 19: rows=1, dataRows=0, headers=[''], fccId=False, grantDate=False
2026-03-03 01:08:12 | INFO     | DEBUG Table 20: rows=7, dataRows=1, headers=['please use the submit inquiry link at www.fcc.gov/labhelp to send any comments or suggestions for this site'], fccId=False, grantDate=False
2026-03-03 01:08:12 | INFO     | DEBUG Table 21: rows=4, dataRows=0, headers=['phone:', '888-call-fcc (225-5322)'], fccId=False, grantDate=False
2026-03-03 01:08:12 | INFO     | DEBUG Table 22: rows=1, dataRows=0, headers=['- privacy policy\n- web policies & notices\n- customer service standards\n- freedom of information act'], fccId=False, grantDate=False
2026-03-03 01:08:12 | INFO     | DEBUG - Selected table index: 17 with 10 data rows
2026-03-03 01:08:13 | ERROR    | Error parsing results: Page.evaluate: SyntaxError: Unexpected token '{'
    at eval (<anonymous>)
    at UtilityScript.evaluate (<anonymous>:290:30)
    at UtilityScript.<anonymous> (<anonymous>:1:44)
2026-03-03 01:08:13 | INFO     | Found 0 records for U4G
2026-03-03 01:08:13 | INFO     | Disconnected from Browserless
2026-03-03 01:08:13 | ERROR    | Browserless crawl failed for U4G: Failed to access FCC website after 3 attempts - likely blocked
2026-03-03 01:08:15 | INFO     | === Processing V2X ===
2026-03-03 01:08:15 | INFO     | Browserless endpoint: wss://production-sfo.browserless.io/stealth?token=***
2026-03-03 01:08:16 | INFO     | Connecting to Browserless cloud...
2026-03-03 01:08:18 | INFO     | Successfully connected to Browserless
2026-03-03 01:08:18 | INFO     | Navigating to FCC search page for V2X (attempt 1/3)...
2026-03-03 01:08:19 | DEBUG    | Browser console: Failed to load resource: the server responded with a status of 404 ()
2026-03-03 01:08:24 | DEBUG    | Page title: FCC OET Authorization Search, URL: https://apps.fcc.gov/oetcf/eas/reports/GenericSearch.cfm
2026-03-03 01:08:25 | DEBUG    | Found input with selector: input[name="grantee_code"]
2026-03-03 01:08:27 | INFO     | Clicking search for grantee: V2X
2026-03-03 01:08:30 | DEBUG    | Browser console: Failed to load resource: the server responded with a status of 404 ()
2026-03-03 01:08:36 | INFO     | DEBUG - Found 23 tables
2026-03-03 01:08:36 | INFO     | DEBUG Table 0: rows=3, dataRows=1, headers=['', 'search|rss |updates |e-filing |initiatives |consumers |find people', 'search|rss |updates |e-filing |initiatives |consumers |find people', '', ''], fccId=False, grantDate=False
2026-03-03 01:08:36 | INFO     | DEBUG Table 1: rows=2, dataRows=0, headers=['search|rss |updates |e-filing |initiatives |consumers |find people'], fccId=False, grantDate=False
2026-03-03 01:08:36 | INFO     | DEBUG Table 2: rows=2, dataRows=0, headers=['office of engineering and technology', ''], fccId=False, grantDate=False
2026-03-03 01:08:36 | INFO     | DEBUG Table 3: rows=1, dataRows=1, headers=['', 'fcc > fcc e-filing > eas > search', 'fcc\xa0site\xa0map'], fccId=False, grantDate=False
2026-03-03 01:08:36 | INFO     | DEBUG Table 4: rows=28, dataRows=13, headers=['oet home page \n\xa0\n\nfiling options \n\ngrantee registration\n\nmodify grantee information\n\nreply to grantee name change correspondence\n\ntest firm accrediting body login\n\nreturn to 159 / pay for a grantee registration\n\n\n\xa0\n\nreports \n\npending application status\n\nauthorization search\n\ngrantee search\n\npending grantee search\n\ntcb search\n\ntest firms\n\ntest firm accrediting bodies\n\nequipment class/rule part list\n\n\n\xa0\n\nmiscellaneous \n\nget frn\n\nknowledge database\n\nhearing aid compatibility status reporting\n\nmeasurement procedures', 'oet home page', 'oet home page', 'oet home page', ''], fccId=False, grantDate=False
2026-03-03 01:08:36 | INFO     | DEBUG Table 5: rows=3, dataRows=1, headers=['oet home page', 'oet home page', 'oet home page'], fccId=False, grantDate=False
2026-03-03 01:08:36 | INFO     | DEBUG Table 6: rows=2, dataRows=0, headers=['oet home page', 'oet home page'], fccId=False, grantDate=False
2026-03-03 01:08:36 | INFO     | DEBUG Table 7: rows=1, dataRows=0, headers=['oet home page'], fccId=False, grantDate=False
2026-03-03 01:08:36 | INFO     | DEBUG Table 8: rows=2, dataRows=0, headers=[''], fccId=False, grantDate=False
2026-03-03 01:08:36 | INFO     | DEBUG Table 9: rows=2, dataRows=0, headers=['grantee registration\n\nmodify grantee information\n\nreply to grantee name change correspondence\n\ntest firm accrediting body login\n\nreturn to 159 / pay for a grantee registration', 'grantee registration\n\nmodify grantee information\n\nreply to grantee name change correspondence\n\ntest firm accrediting body login\n\nreturn to 159 / pay for a grantee registration'], fccId=False, grantDate=False
2026-03-03 01:08:36 | INFO     | DEBUG Table 10: rows=1, dataRows=0, headers=['grantee registration\n\nmodify grantee information\n\nreply to grantee name change correspondence\n\ntest firm accrediting body login\n\nreturn to 159 / pay for a grantee registration'], fccId=False, grantDate=False
2026-03-03 01:08:36 | INFO     | DEBUG Table 11: rows=2, dataRows=0, headers=[''], fccId=False, grantDate=False
2026-03-03 01:08:36 | INFO     | DEBUG Table 12: rows=2, dataRows=0, headers=['pending application status\n\nauthorization search\n\ngrantee search\n\npending grantee search\n\ntcb search\n\ntest firms\n\ntest firm accrediting bodies\n\nequipment class/rule part list', 'pending application status\n\nauthorization search\n\ngrantee search\n\npending grantee search\n\ntcb search\n\ntest firms\n\ntest firm accrediting bodies\n\nequipment class/rule part list'], fccId=False, grantDate=False
2026-03-03 01:08:36 | INFO     | DEBUG Table 13: rows=1, dataRows=0, headers=['pending application status\n\nauthorization search\n\ngrantee search\n\npending grantee search\n\ntcb search\n\ntest firms\n\ntest firm accrediting bodies\n\nequipment class/rule part list'], fccId=False, grantDate=False
2026-03-03 01:08:36 | INFO     | DEBUG Table 14: rows=2, dataRows=0, headers=[''], fccId=False, grantDate=False
2026-03-03 01:08:36 | INFO     | DEBUG Table 15: rows=2, dataRows=0, headers=['get frn\n\nknowledge database\n\nhearing aid compatibility status reporting\n\nmeasurement procedures', 'get frn\n\nknowledge database\n\nhearing aid compatibility status reporting\n\nmeasurement procedures'], fccId=False, grantDate=False
2026-03-03 01:08:36 | INFO     | DEBUG Table 16: rows=1, dataRows=0, headers=['get frn\n\nknowledge database\n\nhearing aid compatibility status reporting\n\nmeasurement procedures'], fccId=False, grantDate=False
2026-03-03 01:08:36 | INFO     | DEBUG Table 17: rows=11, dataRows=10, headers=['', 'view form', 'display\nexhibits', 'display\ngrant', 'display\ncorresp-\nondence'], fccId=True, grantDate=True
2026-03-03 01:08:36 | INFO     | DEBUG Table 18: rows=1, dataRows=0, headers=[''], fccId=False, grantDate=False
2026-03-03 01:08:36 | INFO     | DEBUG Table 19: rows=1, dataRows=0, headers=[''], fccId=False, grantDate=False
2026-03-03 01:08:36 | INFO     | DEBUG Table 20: rows=7, dataRows=1, headers=['please use the submit inquiry link at www.fcc.gov/labhelp to send any comments or suggestions for this site'], fccId=False, grantDate=False
2026-03-03 01:08:36 | INFO     | DEBUG Table 21: rows=4, dataRows=0, headers=['phone:', '888-call-fcc (225-5322)'], fccId=False, grantDate=False
2026-03-03 01:08:36 | INFO     | DEBUG Table 22: rows=1, dataRows=0, headers=['- privacy policy\n- web policies & notices\n- customer service standards\n- freedom of information act'], fccId=False, grantDate=False
2026-03-03 01:08:36 | INFO     | DEBUG - Selected table index: 17 with 10 data rows
2026-03-03 01:08:36 | ERROR    | Error parsing results: Page.evaluate: SyntaxError: Unexpected token '{'
    at eval (<anonymous>)
    at UtilityScript.evaluate (<anonymous>:290:30)
    at UtilityScript.<anonymous> (<anonymous>:1:44)
2026-03-03 01:08:36 | INFO     | Found 0 records for V2X
2026-03-03 01:08:36 | INFO     | Disconnected from Browserless
2026-03-03 01:08:36 | ERROR    | Browserless crawl failed for V2X: Failed to access FCC website after 3 attempts - likely blocked
2026-03-03 01:08:38 | INFO     | === Processing SS4 ===
2026-03-03 01:08:38 | INFO     | Browserless endpoint: wss://production-sfo.browserless.io/stealth?token=***
2026-03-03 01:08:39 | INFO     | Connecting to Browserless cloud...
2026-03-03 01:08:42 | INFO     | Successfully connected to Browserless
2026-03-03 01:08:42 | INFO     | Navigating to FCC search page for SS4 (attempt 1/3)...
2026-03-03 01:08:42 | DEBUG    | Browser console: Failed to load resource: the server responded with a status of 404 ()
2026-03-03 01:08:47 | DEBUG    | Page title: FCC OET Authorization Search, URL: https://apps.fcc.gov/oetcf/eas/reports/GenericSearch.cfm
2026-03-03 01:08:48 | DEBUG    | Found input with selector: input[name="grantee_code"]
2026-03-03 01:08:51 | INFO     | Clicking search for grantee: SS4
2026-03-03 01:08:53 | DEBUG    | Browser console: Failed to load resource: the server responded with a status of 404 ()
2026-03-03 01:08:59 | INFO     | DEBUG - Found 23 tables
2026-03-03 01:08:59 | INFO     | DEBUG Table 0: rows=3, dataRows=1, headers=['', 'search|rss |updates |e-filing |initiatives |consumers |find people', 'search|rss |updates |e-filing |initiatives |consumers |find people', '', ''], fccId=False, grantDate=False
2026-03-03 01:08:59 | INFO     | DEBUG Table 1: rows=2, dataRows=0, headers=['search|rss |updates |e-filing |initiatives |consumers |find people'], fccId=False, grantDate=False
2026-03-03 01:08:59 | INFO     | DEBUG Table 2: rows=2, dataRows=0, headers=['office of engineering and technology', ''], fccId=False, grantDate=False
2026-03-03 01:08:59 | INFO     | DEBUG Table 3: rows=1, dataRows=1, headers=['', 'fcc > fcc e-filing > eas > search', 'fcc\xa0site\xa0map'], fccId=False, grantDate=False
2026-03-03 01:08:59 | INFO     | DEBUG Table 4: rows=28, dataRows=13, headers=['oet home page \n\xa0\n\nfiling options \n\ngrantee registration\n\nmodify grantee information\n\nreply to grantee name change correspondence\n\ntest firm accrediting body login\n\nreturn to 159 / pay for a grantee registration\n\n\n\xa0\n\nreports \n\npending application status\n\nauthorization search\n\ngrantee search\n\npending grantee search\n\ntcb search\n\ntest firms\n\ntest firm accrediting bodies\n\nequipment class/rule part list\n\n\n\xa0\n\nmiscellaneous \n\nget frn\n\nknowledge database\n\nhearing aid compatibility status reporting\n\nmeasurement procedures', 'oet home page', 'oet home page', 'oet home page', ''], fccId=False, grantDate=False
2026-03-03 01:08:59 | INFO     | DEBUG Table 5: rows=3, dataRows=1, headers=['oet home page', 'oet home page', 'oet home page'], fccId=False, grantDate=False
2026-03-03 01:08:59 | INFO     | DEBUG Table 6: rows=2, dataRows=0, headers=['oet home page', 'oet home page'], fccId=False, grantDate=False
2026-03-03 01:08:59 | INFO     | DEBUG Table 7: rows=1, dataRows=0, headers=['oet home page'], fccId=False, grantDate=False
2026-03-03 01:08:59 | INFO     | DEBUG Table 8: rows=2, dataRows=0, headers=[''], fccId=False, grantDate=False
2026-03-03 01:08:59 | INFO     | DEBUG Table 9: rows=2, dataRows=0, headers=['grantee registration\n\nmodify grantee information\n\nreply to grantee name change correspondence\n\ntest firm accrediting body login\n\nreturn to 159 / pay for a grantee registration', 'grantee registration\n\nmodify grantee information\n\nreply to grantee name change correspondence\n\ntest firm accrediting body login\n\nreturn to 159 / pay for a grantee registration'], fccId=False, grantDate=False
2026-03-03 01:08:59 | INFO     | DEBUG Table 10: rows=1, dataRows=0, headers=['grantee registration\n\nmodify grantee information\n\nreply to grantee name change correspondence\n\ntest firm accrediting body login\n\nreturn to 159 / pay for a grantee registration'], fccId=False, grantDate=False
2026-03-03 01:08:59 | INFO     | DEBUG Table 11: rows=2, dataRows=0, headers=[''], fccId=False, grantDate=False
2026-03-03 01:08:59 | INFO     | DEBUG Table 12: rows=2, dataRows=0, headers=['pending application status\n\nauthorization search\n\ngrantee search\n\npending grantee search\n\ntcb search\n\ntest firms\n\ntest firm accrediting bodies\n\nequipment class/rule part list', 'pending application status\n\nauthorization search\n\ngrantee search\n\npending grantee search\n\ntcb search\n\ntest firms\n\ntest firm accrediting bodies\n\nequipment class/rule part list'], fccId=False, grantDate=False
2026-03-03 01:08:59 | INFO     | DEBUG Table 13: rows=1, dataRows=0, headers=['pending application status\n\nauthorization search\n\ngrantee search\n\npending grantee search\n\ntcb search\n\ntest firms\n\ntest firm accrediting bodies\n\nequipment class/rule part list'], fccId=False, grantDate=False
2026-03-03 01:08:59 | INFO     | DEBUG Table 14: rows=2, dataRows=0, headers=[''], fccId=False, grantDate=False
2026-03-03 01:08:59 | INFO     | DEBUG Table 15: rows=2, dataRows=0, headers=['get frn\n\nknowledge database\n\nhearing aid compatibility status reporting\n\nmeasurement procedures', 'get frn\n\nknowledge database\n\nhearing aid compatibility status reporting\n\nmeasurement procedures'], fccId=False, grantDate=False
2026-03-03 01:08:59 | INFO     | DEBUG Table 16: rows=1, dataRows=0, headers=['get frn\n\nknowledge database\n\nhearing aid compatibility status reporting\n\nmeasurement procedures'], fccId=False, grantDate=False
2026-03-03 01:08:59 | INFO     | DEBUG Table 17: rows=11, dataRows=10, headers=['', 'view form', 'display\nexhibits', 'display\ngrant', 'display\ncorresp-\nondence'], fccId=True, grantDate=True
2026-03-03 01:08:59 | INFO     | DEBUG Table 18: rows=1, dataRows=0, headers=[''], fccId=False, grantDate=False
2026-03-03 01:08:59 | INFO     | DEBUG Table 19: rows=1, dataRows=0, headers=[''], fccId=False, grantDate=False
2026-03-03 01:08:59 | INFO     | DEBUG Table 20: rows=7, dataRows=1, headers=['please use the submit inquiry link at www.fcc.gov/labhelp to send any comments or suggestions for this site'], fccId=False, grantDate=False
2026-03-03 01:08:59 | INFO     | DEBUG Table 21: rows=4, dataRows=0, headers=['phone:', '888-call-fcc (225-5322)'], fccId=False, grantDate=False
2026-03-03 01:08:59 | INFO     | DEBUG Table 22: rows=1, dataRows=0, headers=['- privacy policy\n- web policies & notices\n- customer service standards\n- freedom of information act'], fccId=False, grantDate=False
2026-03-03 01:08:59 | INFO     | DEBUG - Selected table index: 17 with 10 data rows
2026-03-03 01:08:59 | ERROR    | Error parsing results: Page.evaluate: SyntaxError: Unexpected token '{'
    at eval (<anonymous>)
    at UtilityScript.evaluate (<anonymous>:290:30)
    at UtilityScript.<anonymous> (<anonymous>:1:44)
2026-03-03 01:08:59 | INFO     | Found 0 records for SS4
2026-03-03 01:09:00 | INFO     | Disconnected from Browserless
2026-03-03 01:09:00 | ERROR    | Browserless crawl failed for SS4: Failed to access FCC website after 3 attempts - likely blocked
2026-03-03 01:09:02 | INFO     | === Processing HLE ===
2026-03-03 01:09:02 | INFO     | Browserless endpoint: wss://production-sfo.browserless.io/stealth?token=***
2026-03-03 01:09:03 | INFO     | Connecting to Browserless cloud...
2026-03-03 01:09:06 | INFO     | Successfully connected to Browserless
2026-03-03 01:09:06 | INFO     | Navigating to FCC search page for HLE (attempt 1/3)...
2026-03-03 01:09:06 | DEBUG    | Browser console: Failed to load resource: the server responded with a status of 404 ()
2026-03-03 01:09:10 | DEBUG    | Page title: FCC OET Authorization Search, URL: https://apps.fcc.gov/oetcf/eas/reports/GenericSearch.cfm
2026-03-03 01:09:11 | DEBUG    | Found input with selector: input[name="grantee_code"]
2026-03-03 01:09:14 | INFO     | Clicking search for grantee: HLE
2026-03-03 01:09:16 | DEBUG    | Browser console: Failed to load resource: the server responded with a status of 404 ()
2026-03-03 01:09:22 | INFO     | DEBUG - Found 23 tables
2026-03-03 01:09:22 | INFO     | DEBUG Table 0: rows=3, dataRows=1, headers=['', 'search|rss |updates |e-filing |initiatives |consumers |find people', 'search|rss |updates |e-filing |initiatives |consumers |find people', '', ''], fccId=False, grantDate=False
2026-03-03 01:09:22 | INFO     | DEBUG Table 1: rows=2, dataRows=0, headers=['search|rss |updates |e-filing |initiatives |consumers |find people'], fccId=False, grantDate=False
2026-03-03 01:09:22 | INFO     | DEBUG Table 2: rows=2, dataRows=0, headers=['office of engineering and technology', ''], fccId=False, grantDate=False
2026-03-03 01:09:22 | INFO     | DEBUG Table 3: rows=1, dataRows=1, headers=['', 'fcc > fcc e-filing > eas > search', 'fcc\xa0site\xa0map'], fccId=False, grantDate=False
2026-03-03 01:09:22 | INFO     | DEBUG Table 4: rows=28, dataRows=13, headers=['oet home page \n\xa0\n\nfiling options \n\ngrantee registration\n\nmodify grantee information\n\nreply to grantee name change correspondence\n\ntest firm accrediting body login\n\nreturn to 159 / pay for a grantee registration\n\n\n\xa0\n\nreports \n\npending application status\n\nauthorization search\n\ngrantee search\n\npending grantee search\n\ntcb search\n\ntest firms\n\ntest firm accrediting bodies\n\nequipment class/rule part list\n\n\n\xa0\n\nmiscellaneous \n\nget frn\n\nknowledge database\n\nhearing aid compatibility status reporting\n\nmeasurement procedures', 'oet home page', 'oet home page', 'oet home page', ''], fccId=False, grantDate=False
2026-03-03 01:09:22 | INFO     | DEBUG Table 5: rows=3, dataRows=1, headers=['oet home page', 'oet home page', 'oet home page'], fccId=False, grantDate=False
2026-03-03 01:09:22 | INFO     | DEBUG Table 6: rows=2, dataRows=0, headers=['oet home page', 'oet home page'], fccId=False, grantDate=False
2026-03-03 01:09:22 | INFO     | DEBUG Table 7: rows=1, dataRows=0, headers=['oet home page'], fccId=False, grantDate=False
2026-03-03 01:09:22 | INFO     | DEBUG Table 8: rows=2, dataRows=0, headers=[''], fccId=False, grantDate=False
2026-03-03 01:09:22 | INFO     | DEBUG Table 9: rows=2, dataRows=0, headers=['grantee registration\n\nmodify grantee information\n\nreply to grantee name change correspondence\n\ntest firm accrediting body login\n\nreturn to 159 / pay for a grantee registration', 'grantee registration\n\nmodify grantee information\n\nreply to grantee name change correspondence\n\ntest firm accrediting body login\n\nreturn to 159 / pay for a grantee registration'], fccId=False, grantDate=False
2026-03-03 01:09:22 | INFO     | DEBUG Table 10: rows=1, dataRows=0, headers=['grantee registration\n\nmodify grantee information\n\nreply to grantee name change correspondence\n\ntest firm accrediting body login\n\nreturn to 159 / pay for a grantee registration'], fccId=False, grantDate=False
2026-03-03 01:09:22 | INFO     | DEBUG Table 11: rows=2, dataRows=0, headers=[''], fccId=False, grantDate=False
2026-03-03 01:09:22 | INFO     | DEBUG Table 12: rows=2, dataRows=0, headers=['pending application status\n\nauthorization search\n\ngrantee search\n\npending grantee search\n\ntcb search\n\ntest firms\n\ntest firm accrediting bodies\n\nequipment class/rule part list', 'pending application status\n\nauthorization search\n\ngrantee search\n\npending grantee search\n\ntcb search\n\ntest firms\n\ntest firm accrediting bodies\n\nequipment class/rule part list'], fccId=False, grantDate=False
2026-03-03 01:09:22 | INFO     | DEBUG Table 13: rows=1, dataRows=0, headers=['pending application status\n\nauthorization search\n\ngrantee search\n\npending grantee search\n\ntcb search\n\ntest firms\n\ntest firm accrediting bodies\n\nequipment class/rule part list'], fccId=False, grantDate=False
2026-03-03 01:09:22 | INFO     | DEBUG Table 14: rows=2, dataRows=0, headers=[''], fccId=False, grantDate=False
2026-03-03 01:09:22 | INFO     | DEBUG Table 15: rows=2, dataRows=0, headers=['get frn\n\nknowledge database\n\nhearing aid compatibility status reporting\n\nmeasurement procedures', 'get frn\n\nknowledge database\n\nhearing aid compatibility status reporting\n\nmeasurement procedures'], fccId=False, grantDate=False
2026-03-03 01:09:22 | INFO     | DEBUG Table 16: rows=1, dataRows=0, headers=['get frn\n\nknowledge database\n\nhearing aid compatibility status reporting\n\nmeasurement procedures'], fccId=False, grantDate=False
2026-03-03 01:09:22 | INFO     | DEBUG Table 17: rows=11, dataRows=10, headers=['', 'view form', 'display\nexhibits', 'display\ngrant', 'display\ncorresp-\nondence'], fccId=True, grantDate=True
2026-03-03 01:09:22 | INFO     | DEBUG Table 18: rows=1, dataRows=0, headers=[''], fccId=False, grantDate=False
2026-03-03 01:09:22 | INFO     | DEBUG Table 19: rows=1, dataRows=0, headers=[''], fccId=False, grantDate=False
2026-03-03 01:09:22 | INFO     | DEBUG Table 20: rows=7, dataRows=1, headers=['please use the submit inquiry link at www.fcc.gov/labhelp to send any comments or suggestions for this site'], fccId=False, grantDate=False
2026-03-03 01:09:22 | INFO     | DEBUG Table 21: rows=4, dataRows=0, headers=['phone:', '888-call-fcc (225-5322)'], fccId=False, grantDate=False
2026-03-03 01:09:22 | INFO     | DEBUG Table 22: rows=1, dataRows=0, headers=['- privacy policy\n- web policies & notices\n- customer service standards\n- freedom of information act'], fccId=False, grantDate=False
2026-03-03 01:09:22 | INFO     | DEBUG - Selected table index: 17 with 10 data rows
2026-03-03 01:09:22 | ERROR    | Error parsing results: Page.evaluate: SyntaxError: Unexpected token '{'
    at eval (<anonymous>)
    at UtilityScript.evaluate (<anonymous>:290:30)
    at UtilityScript.<anonymous> (<anonymous>:1:44)
2026-03-03 01:09:22 | INFO     | Found 0 records for HLE
2026-03-03 01:09:22 | INFO     | Disconnected from Browserless
2026-03-03 01:09:22 | ERROR    | Browserless crawl failed for HLE: Failed to access FCC website after 3 attempts - likely blocked
2026-03-03 01:09:24 | INFO     | === Processing 2AOJL ===
2026-03-03 01:09:24 | INFO     | Browserless endpoint: wss://production-sfo.browserless.io/stealth?token=***
2026-03-03 01:09:25 | INFO     | Connecting to Browserless cloud...
2026-03-03 01:09:28 | INFO     | Successfully connected to Browserless
2026-03-03 01:09:28 | INFO     | Navigating to FCC search page for 2AOJL (attempt 1/3)...
2026-03-03 01:09:28 | DEBUG    | Browser console: Failed to load resource: the server responded with a status of 404 ()
2026-03-03 01:09:33 | DEBUG    | Page title: FCC OET Authorization Search, URL: https://apps.fcc.gov/oetcf/eas/reports/GenericSearch.cfm
2026-03-03 01:09:34 | DEBUG    | Found input with selector: input[name="grantee_code"]
2026-03-03 01:09:38 | INFO     | Clicking search for grantee: 2AOJL
2026-03-03 01:09:40 | DEBUG    | Browser console: Failed to load resource: the server responded with a status of 404 ()
2026-03-03 01:09:47 | INFO     | DEBUG - Found 23 tables
2026-03-03 01:09:47 | INFO     | DEBUG Table 0: rows=3, dataRows=1, headers=['', 'search|rss |updates |e-filing |initiatives |consumers |find people', 'search|rss |updates |e-filing |initiatives |consumers |find people', '', ''], fccId=False, grantDate=False
2026-03-03 01:09:47 | INFO     | DEBUG Table 1: rows=2, dataRows=0, headers=['search|rss |updates |e-filing |initiatives |consumers |find people'], fccId=False, grantDate=False
2026-03-03 01:09:47 | INFO     | DEBUG Table 2: rows=2, dataRows=0, headers=['office of engineering and technology', ''], fccId=False, grantDate=False
2026-03-03 01:09:47 | INFO     | DEBUG Table 3: rows=1, dataRows=1, headers=['', 'fcc > fcc e-filing > eas > search', 'fcc\xa0site\xa0map'], fccId=False, grantDate=False
2026-03-03 01:09:47 | INFO     | DEBUG Table 4: rows=25, dataRows=10, headers=['oet home page \n\xa0\n\nfiling options \n\ngrantee registration\n\nmodify grantee information\n\nreply to grantee name change correspondence\n\ntest firm accrediting body login\n\nreturn to 159 / pay for a grantee registration\n\n\n\xa0\n\nreports \n\npending application status\n\nauthorization search\n\ngrantee search\n\npending grantee search\n\ntcb search\n\ntest firms\n\ntest firm accrediting bodies\n\nequipment class/rule part list\n\n\n\xa0\n\nmiscellaneous \n\nget frn\n\nknowledge database\n\nhearing aid compatibility status reporting\n\nmeasurement procedures', 'oet home page', 'oet home page', 'oet home page', ''], fccId=False, grantDate=False
2026-03-03 01:09:47 | INFO     | DEBUG Table 5: rows=3, dataRows=1, headers=['oet home page', 'oet home page', 'oet home page'], fccId=False, grantDate=False
2026-03-03 01:09:47 | INFO     | DEBUG Table 6: rows=2, dataRows=0, headers=['oet home page', 'oet home page'], fccId=False, grantDate=False
2026-03-03 01:09:47 | INFO     | DEBUG Table 7: rows=1, dataRows=0, headers=['oet home page'], fccId=False, grantDate=False
2026-03-03 01:09:47 | INFO     | DEBUG Table 8: rows=2, dataRows=0, headers=[''], fccId=False, grantDate=False
2026-03-03 01:09:47 | INFO     | DEBUG Table 9: rows=2, dataRows=0, headers=['grantee registration\n\nmodify grantee information\n\nreply to grantee name change correspondence\n\ntest firm accrediting body login\n\nreturn to 159 / pay for a grantee registration', 'grantee registration\n\nmodify grantee information\n\nreply to grantee name change correspondence\n\ntest firm accrediting body login\n\nreturn to 159 / pay for a grantee registration'], fccId=False, grantDate=False
2026-03-03 01:09:47 | INFO     | DEBUG Table 10: rows=1, dataRows=0, headers=['grantee registration\n\nmodify grantee information\n\nreply to grantee name change correspondence\n\ntest firm accrediting body login\n\nreturn to 159 / pay for a grantee registration'], fccId=False, grantDate=False
2026-03-03 01:09:47 | INFO     | DEBUG Table 11: rows=2, dataRows=0, headers=[''], fccId=False, grantDate=False
2026-03-03 01:09:47 | INFO     | DEBUG Table 12: rows=2, dataRows=0, headers=['pending application status\n\nauthorization search\n\ngrantee search\n\npending grantee search\n\ntcb search\n\ntest firms\n\ntest firm accrediting bodies\n\nequipment class/rule part list', 'pending application status\n\nauthorization search\n\ngrantee search\n\npending grantee search\n\ntcb search\n\ntest firms\n\ntest firm accrediting bodies\n\nequipment class/rule part list'], fccId=False, grantDate=False
2026-03-03 01:09:47 | INFO     | DEBUG Table 13: rows=1, dataRows=0, headers=['pending application status\n\nauthorization search\n\ngrantee search\n\npending grantee search\n\ntcb search\n\ntest firms\n\ntest firm accrediting bodies\n\nequipment class/rule part list'], fccId=False, grantDate=False
2026-03-03 01:09:47 | INFO     | DEBUG Table 14: rows=2, dataRows=0, headers=[''], fccId=False, grantDate=False
2026-03-03 01:09:47 | INFO     | DEBUG Table 15: rows=2, dataRows=0, headers=['get frn\n\nknowledge database\n\nhearing aid compatibility status reporting\n\nmeasurement procedures', 'get frn\n\nknowledge database\n\nhearing aid compatibility status reporting\n\nmeasurement procedures'], fccId=False, grantDate=False
2026-03-03 01:09:47 | INFO     | DEBUG Table 16: rows=1, dataRows=0, headers=['get frn\n\nknowledge database\n\nhearing aid compatibility status reporting\n\nmeasurement procedures'], fccId=False, grantDate=False
2026-03-03 01:09:47 | INFO     | DEBUG Table 17: rows=8, dataRows=7, headers=['', 'view form', 'display\nexhibits', 'display\ngrant', 'display\ncorresp-\nondence'], fccId=True, grantDate=True
2026-03-03 01:09:47 | INFO     | DEBUG Table 18: rows=1, dataRows=0, headers=[''], fccId=False, grantDate=False
2026-03-03 01:09:47 | INFO     | DEBUG Table 19: rows=1, dataRows=0, headers=[''], fccId=False, grantDate=False
2026-03-03 01:09:47 | INFO     | DEBUG Table 20: rows=7, dataRows=1, headers=['please use the submit inquiry link at www.fcc.gov/labhelp to send any comments or suggestions for this site'], fccId=False, grantDate=False
2026-03-03 01:09:47 | INFO     | DEBUG Table 21: rows=4, dataRows=0, headers=['phone:', '888-call-fcc (225-5322)'], fccId=False, grantDate=False
2026-03-03 01:09:47 | INFO     | DEBUG Table 22: rows=1, dataRows=0, headers=['- privacy policy\n- web policies & notices\n- customer service standards\n- freedom of information act'], fccId=False, grantDate=False
2026-03-03 01:09:47 | INFO     | DEBUG - Selected table index: 17 with 7 data rows
2026-03-03 01:09:47 | ERROR    | Error parsing results: Page.evaluate: SyntaxError: Unexpected token '{'
    at eval (<anonymous>)
    at UtilityScript.evaluate (<anonymous>:290:30)
    at UtilityScript.<anonymous> (<anonymous>:1:44)
2026-03-03 01:09:47 | INFO     | Found 0 records for 2AOJL
2026-03-03 01:09:47 | INFO     | Disconnected from Browserless
2026-03-03 01:09:47 | ERROR    | Browserless crawl failed for 2AOJL: Failed to access FCC website after 3 attempts - likely blocked
2026-03-03 01:09:49 | INFO     | === Processing 2AC6A ===
2026-03-03 01:09:49 | INFO     | Browserless endpoint: wss://production-sfo.browserless.io/stealth?token=***
2026-03-03 01:09:50 | INFO     | Connecting to Browserless cloud...
2026-03-03 01:09:53 | INFO     | Successfully connected to Browserless
2026-03-03 01:09:53 | INFO     | Navigating to FCC search page for 2AC6A (attempt 1/3)...
2026-03-03 01:09:53 | DEBUG    | Browser console: Failed to load resource: the server responded with a status of 404 ()
2026-03-03 01:09:58 | DEBUG    | Page title: FCC OET Authorization Search, URL: https://apps.fcc.gov/oetcf/eas/reports/GenericSearch.cfm
2026-03-03 01:09:59 | DEBUG    | Found input with selector: input[name="grantee_code"]
2026-03-03 01:10:03 | INFO     | Clicking search for grantee: 2AC6A
2026-03-03 01:10:05 | DEBUG    | Browser console: Failed to load resource: the server responded with a status of 404 ()
2026-03-03 01:10:12 | INFO     | DEBUG - Found 23 tables
2026-03-03 01:10:12 | INFO     | DEBUG Table 0: rows=3, dataRows=1, headers=['', 'search|rss |updates |e-filing |initiatives |consumers |find people', 'search|rss |updates |e-filing |initiatives |consumers |find people', '', ''], fccId=False, grantDate=False
2026-03-03 01:10:12 | INFO     | DEBUG Table 1: rows=2, dataRows=0, headers=['search|rss |updates |e-filing |initiatives |consumers |find people'], fccId=False, grantDate=False
2026-03-03 01:10:12 | INFO     | DEBUG Table 2: rows=2, dataRows=0, headers=['office of engineering and technology', ''], fccId=False, grantDate=False
2026-03-03 01:10:12 | INFO     | DEBUG Table 3: rows=1, dataRows=1, headers=['', 'fcc > fcc e-filing > eas > search', 'fcc\xa0site\xa0map'], fccId=False, grantDate=False
2026-03-03 01:10:12 | INFO     | DEBUG Table 4: rows=28, dataRows=13, headers=['oet home page \n\xa0\n\nfiling options \n\ngrantee registration\n\nmodify grantee information\n\nreply to grantee name change correspondence\n\ntest firm accrediting body login\n\nreturn to 159 / pay for a grantee registration\n\n\n\xa0\n\nreports \n\npending application status\n\nauthorization search\n\ngrantee search\n\npending grantee search\n\ntcb search\n\ntest firms\n\ntest firm accrediting bodies\n\nequipment class/rule part list\n\n\n\xa0\n\nmiscellaneous \n\nget frn\n\nknowledge database\n\nhearing aid compatibility status reporting\n\nmeasurement procedures', 'oet home page', 'oet home page', 'oet home page', ''], fccId=False, grantDate=False
2026-03-03 01:10:12 | INFO     | DEBUG Table 5: rows=3, dataRows=1, headers=['oet home page', 'oet home page', 'oet home page'], fccId=False, grantDate=False
2026-03-03 01:10:12 | INFO     | DEBUG Table 6: rows=2, dataRows=0, headers=['oet home page', 'oet home page'], fccId=False, grantDate=False
2026-03-03 01:10:12 | INFO     | DEBUG Table 7: rows=1, dataRows=0, headers=['oet home page'], fccId=False, grantDate=False
2026-03-03 01:10:12 | INFO     | DEBUG Table 8: rows=2, dataRows=0, headers=[''], fccId=False, grantDate=False
2026-03-03 01:10:12 | INFO     | DEBUG Table 9: rows=2, dataRows=0, headers=['grantee registration\n\nmodify grantee information\n\nreply to grantee name change correspondence\n\ntest firm accrediting body login\n\nreturn to 159 / pay for a grantee registration', 'grantee registration\n\nmodify grantee information\n\nreply to grantee name change correspondence\n\ntest firm accrediting body login\n\nreturn to 159 / pay for a grantee registration'], fccId=False, grantDate=False
2026-03-03 01:10:12 | INFO     | DEBUG Table 10: rows=1, dataRows=0, headers=['grantee registration\n\nmodify grantee information\n\nreply to grantee name change correspondence\n\ntest firm accrediting body login\n\nreturn to 159 / pay for a grantee registration'], fccId=False, grantDate=False
2026-03-03 01:10:12 | INFO     | DEBUG Table 11: rows=2, dataRows=0, headers=[''], fccId=False, grantDate=False
2026-03-03 01:10:12 | INFO     | DEBUG Table 12: rows=2, dataRows=0, headers=['pending application status\n\nauthorization search\n\ngrantee search\n\npending grantee search\n\ntcb search\n\ntest firms\n\ntest firm accrediting bodies\n\nequipment class/rule part list', 'pending application status\n\nauthorization search\n\ngrantee search\n\npending grantee search\n\ntcb search\n\ntest firms\n\ntest firm accrediting bodies\n\nequipment class/rule part list'], fccId=False, grantDate=False
2026-03-03 01:10:12 | INFO     | DEBUG Table 13: rows=1, dataRows=0, headers=['pending application status\n\nauthorization search\n\ngrantee search\n\npending grantee search\n\ntcb search\n\ntest firms\n\ntest firm accrediting bodies\n\nequipment class/rule part list'], fccId=False, grantDate=False
2026-03-03 01:10:12 | INFO     | DEBUG Table 14: rows=2, dataRows=0, headers=[''], fccId=False, grantDate=False
2026-03-03 01:10:12 | INFO     | DEBUG Table 15: rows=2, dataRows=0, headers=['get frn\n\nknowledge database\n\nhearing aid compatibility status reporting\n\nmeasurement procedures', 'get frn\n\nknowledge database\n\nhearing aid compatibility status reporting\n\nmeasurement procedures'], fccId=False, grantDate=False
2026-03-03 01:10:12 | INFO     | DEBUG Table 16: rows=1, dataRows=0, headers=['get frn\n\nknowledge database\n\nhearing aid compatibility status reporting\n\nmeasurement procedures'], fccId=False, grantDate=False
2026-03-03 01:10:12 | INFO     | DEBUG Table 17: rows=11, dataRows=10, headers=['', 'view form', 'display\nexhibits', 'display\ngrant', 'display\ncorresp-\nondence'], fccId=True, grantDate=True
2026-03-03 01:10:12 | INFO     | DEBUG Table 18: rows=1, dataRows=0, headers=[''], fccId=False, grantDate=False
2026-03-03 01:10:12 | INFO     | DEBUG Table 19: rows=1, dataRows=0, headers=[''], fccId=False, grantDate=False
2026-03-03 01:10:12 | INFO     | DEBUG Table 20: rows=7, dataRows=1, headers=['please use the submit inquiry link at www.fcc.gov/labhelp to send any comments or suggestions for this site'], fccId=False, grantDate=False
2026-03-03 01:10:12 | INFO     | DEBUG Table 21: rows=4, dataRows=0, headers=['phone:', '888-call-fcc (225-5322)'], fccId=False, grantDate=False
2026-03-03 01:10:12 | INFO     | DEBUG Table 22: rows=1, dataRows=0, headers=['- privacy policy\n- web policies & notices\n- customer service standards\n- freedom of information act'], fccId=False, grantDate=False
2026-03-03 01:10:12 | INFO     | DEBUG - Selected table index: 17 with 10 data rows
2026-03-03 01:10:12 | ERROR    | Error parsing results: Page.evaluate: SyntaxError: Unexpected token '{'
    at eval (<anonymous>)
    at UtilityScript.evaluate (<anonymous>:290:30)
    at UtilityScript.<anonymous> (<anonymous>:1:44)
2026-03-03 01:10:12 | INFO     | Found 0 records for 2AC6A
2026-03-03 01:10:12 | INFO     | Disconnected from Browserless
2026-03-03 01:10:12 | ERROR    | Browserless crawl failed for 2AC6A: Failed to access FCC website after 3 attempts - likely blocked
2026-03-03 01:10:14 | INFO     | === Processing 2AR9L ===
2026-03-03 01:10:14 | INFO     | Browserless endpoint: wss://production-sfo.browserless.io/stealth?token=***
2026-03-03 01:10:15 | INFO     | Connecting to Browserless cloud...
2026-03-03 01:10:18 | INFO     | Successfully connected to Browserless
2026-03-03 01:10:18 | INFO     | Navigating to FCC search page for 2AR9L (attempt 1/3)...
2026-03-03 01:10:19 | DEBUG    | Browser console: Failed to load resource: the server responded with a status of 404 ()
2026-03-03 01:10:24 | DEBUG    | Page title: FCC OET Authorization Search, URL: https://apps.fcc.gov/oetcf/eas/reports/GenericSearch.cfm
2026-03-03 01:10:25 | DEBUG    | Found input with selector: input[name="grantee_code"]
2026-03-03 01:10:28 | INFO     | Clicking search for grantee: 2AR9L
2026-03-03 01:10:30 | DEBUG    | Browser console: Failed to load resource: the server responded with a status of 404 ()
2026-03-03 01:10:37 | INFO     | DEBUG - Found 23 tables
2026-03-03 01:10:37 | INFO     | DEBUG Table 0: rows=3, dataRows=1, headers=['', 'search|rss |updates |e-filing |initiatives |consumers |find people', 'search|rss |updates |e-filing |initiatives |consumers |find people', '', ''], fccId=False, grantDate=False
2026-03-03 01:10:37 | INFO     | DEBUG Table 1: rows=2, dataRows=0, headers=['search|rss |updates |e-filing |initiatives |consumers |find people'], fccId=False, grantDate=False
2026-03-03 01:10:37 | INFO     | DEBUG Table 2: rows=2, dataRows=0, headers=['office of engineering and technology', ''], fccId=False, grantDate=False
2026-03-03 01:10:37 | INFO     | DEBUG Table 3: rows=1, dataRows=1, headers=['', 'fcc > fcc e-filing > eas > search', 'fcc\xa0site\xa0map'], fccId=False, grantDate=False
2026-03-03 01:10:37 | INFO     | DEBUG Table 4: rows=27, dataRows=12, headers=['oet home page \n\xa0\n\nfiling options \n\ngrantee registration\n\nmodify grantee information\n\nreply to grantee name change correspondence\n\ntest firm accrediting body login\n\nreturn to 159 / pay for a grantee registration\n\n\n\xa0\n\nreports \n\npending application status\n\nauthorization search\n\ngrantee search\n\npending grantee search\n\ntcb search\n\ntest firms\n\ntest firm accrediting bodies\n\nequipment class/rule part list\n\n\n\xa0\n\nmiscellaneous \n\nget frn\n\nknowledge database\n\nhearing aid compatibility status reporting\n\nmeasurement procedures', 'oet home page', 'oet home page', 'oet home page', ''], fccId=False, grantDate=False
2026-03-03 01:10:37 | INFO     | DEBUG Table 5: rows=3, dataRows=1, headers=['oet home page', 'oet home page', 'oet home page'], fccId=False, grantDate=False
2026-03-03 01:10:37 | INFO     | DEBUG Table 6: rows=2, dataRows=0, headers=['oet home page', 'oet home page'], fccId=False, grantDate=False
2026-03-03 01:10:37 | INFO     | DEBUG Table 7: rows=1, dataRows=0, headers=['oet home page'], fccId=False, grantDate=False
2026-03-03 01:10:37 | INFO     | DEBUG Table 8: rows=2, dataRows=0, headers=[''], fccId=False, grantDate=False
2026-03-03 01:10:37 | INFO     | DEBUG Table 9: rows=2, dataRows=0, headers=['grantee registration\n\nmodify grantee information\n\nreply to grantee name change correspondence\n\ntest firm accrediting body login\n\nreturn to 159 / pay for a grantee registration', 'grantee registration\n\nmodify grantee information\n\nreply to grantee name change correspondence\n\ntest firm accrediting body login\n\nreturn to 159 / pay for a grantee registration'], fccId=False, grantDate=False
2026-03-03 01:10:37 | INFO     | DEBUG Table 10: rows=1, dataRows=0, headers=['grantee registration\n\nmodify grantee information\n\nreply to grantee name change correspondence\n\ntest firm accrediting body login\n\nreturn to 159 / pay for a grantee registration'], fccId=False, grantDate=False
2026-03-03 01:10:37 | INFO     | DEBUG Table 11: rows=2, dataRows=0, headers=[''], fccId=False, grantDate=False
2026-03-03 01:10:37 | INFO     | DEBUG Table 12: rows=2, dataRows=0, headers=['pending application status\n\nauthorization search\n\ngrantee search\n\npending grantee search\n\ntcb search\n\ntest firms\n\ntest firm accrediting bodies\n\nequipment class/rule part list', 'pending application status\n\nauthorization search\n\ngrantee search\n\npending grantee search\n\ntcb search\n\ntest firms\n\ntest firm accrediting bodies\n\nequipment class/rule part list'], fccId=False, grantDate=False
2026-03-03 01:10:37 | INFO     | DEBUG Table 13: rows=1, dataRows=0, headers=['pending application status\n\nauthorization search\n\ngrantee search\n\npending grantee search\n\ntcb search\n\ntest firms\n\ntest firm accrediting bodies\n\nequipment class/rule part list'], fccId=False, grantDate=False
2026-03-03 01:10:37 | INFO     | DEBUG Table 14: rows=2, dataRows=0, headers=[''], fccId=False, grantDate=False
2026-03-03 01:10:37 | INFO     | DEBUG Table 15: rows=2, dataRows=0, headers=['get frn\n\nknowledge database\n\nhearing aid compatibility status reporting\n\nmeasurement procedures', 'get frn\n\nknowledge database\n\nhearing aid compatibility status reporting\n\nmeasurement procedures'], fccId=False, grantDate=False
2026-03-03 01:10:37 | INFO     | DEBUG Table 16: rows=1, dataRows=0, headers=['get frn\n\nknowledge database\n\nhearing aid compatibility status reporting\n\nmeasurement procedures'], fccId=False, grantDate=False
2026-03-03 01:10:37 | INFO     | DEBUG Table 17: rows=10, dataRows=9, headers=['', 'view form', 'display\nexhibits', 'display\ngrant', 'display\ncorresp-\nondence'], fccId=True, grantDate=True
2026-03-03 01:10:37 | INFO     | DEBUG Table 18: rows=1, dataRows=0, headers=[''], fccId=False, grantDate=False
2026-03-03 01:10:37 | INFO     | DEBUG Table 19: rows=1, dataRows=0, headers=[''], fccId=False, grantDate=False
2026-03-03 01:10:37 | INFO     | DEBUG Table 20: rows=7, dataRows=1, headers=['please use the submit inquiry link at www.fcc.gov/labhelp to send any comments or suggestions for this site'], fccId=False, grantDate=False
2026-03-03 01:10:37 | INFO     | DEBUG Table 21: rows=4, dataRows=0, headers=['phone:', '888-call-fcc (225-5322)'], fccId=False, grantDate=False
2026-03-03 01:10:37 | INFO     | DEBUG Table 22: rows=1, dataRows=0, headers=['- privacy policy\n- web policies & notices\n- customer service standards\n- freedom of information act'], fccId=False, grantDate=False
2026-03-03 01:10:37 | INFO     | DEBUG - Selected table index: 17 with 9 data rows
2026-03-03 01:10:37 | ERROR    | Error parsing results: Page.evaluate: SyntaxError: Unexpected token '{'
    at eval (<anonymous>)
    at UtilityScript.evaluate (<anonymous>:290:30)
    at UtilityScript.<anonymous> (<anonymous>:1:44)
2026-03-03 01:10:37 | INFO     | Found 0 records for 2AR9L
2026-03-03 01:10:37 | INFO     | Disconnected from Browserless
2026-03-03 01:10:37 | ERROR    | Browserless crawl failed for 2AR9L: Failed to access FCC website after 3 attempts - likely blocked
2026-03-03 01:10:37 | INFO     | === Crawl Complete ===
2026-03-03 01:10:37 | INFO     | Total new records: 0
2026-03-03 01:10:37 | INFO     | Total errors: 10
2026-03-03 01:11:39 | INFO     | Database initialized at /home/node/.openclaw/workspace-shinji/fcc-monitor/data/fcc_monitor.db
2026-03-03 01:11:39 | INFO     | Starting FCC Browserless crawl for 1 grantee codes
2026-03-03 01:11:39 | INFO     | Browserless region: sfo, stealth: True
2026-03-03 01:11:39 | INFO     | === Processing HLE ===
2026-03-03 01:11:39 | INFO     | Browserless endpoint: wss://production-sfo.browserless.io/stealth?token=***
2026-03-03 01:11:40 | INFO     | Connecting to Browserless cloud...
2026-03-03 01:11:42 | INFO     | Successfully connected to Browserless
2026-03-03 01:11:42 | INFO     | Navigating to FCC search page for HLE (attempt 1/3)...
2026-03-03 01:11:43 | DEBUG    | Browser console: Failed to load resource: the server responded with a status of 404 ()
2026-03-03 01:11:48 | DEBUG    | Page title: FCC OET Authorization Search, URL: https://apps.fcc.gov/oetcf/eas/reports/GenericSearch.cfm
2026-03-03 01:11:49 | DEBUG    | Found input with selector: input[name="grantee_code"]
2026-03-03 01:11:52 | INFO     | Clicking search for grantee: HLE
2026-03-03 01:11:54 | DEBUG    | Browser console: Failed to load resource: the server responded with a status of 404 ()
2026-03-03 01:12:00 | INFO     | DEBUG - Found 23 tables
2026-03-03 01:12:00 | INFO     | DEBUG Table 0: rows=3, dataRows=1, headers=['', 'search|rss |updates |e-filing |initiatives |consumers |find people', 'search|rss |updates |e-filing |initiatives |consumers |find people', '', ''], fccId=False, grantDate=False
2026-03-03 01:12:00 | INFO     | DEBUG Table 1: rows=2, dataRows=0, headers=['search|rss |updates |e-filing |initiatives |consumers |find people'], fccId=False, grantDate=False
2026-03-03 01:12:00 | INFO     | DEBUG Table 2: rows=2, dataRows=0, headers=['office of engineering and technology', ''], fccId=False, grantDate=False
2026-03-03 01:12:00 | INFO     | DEBUG Table 3: rows=1, dataRows=1, headers=['', 'fcc > fcc e-filing > eas > search', 'fcc\xa0site\xa0map'], fccId=False, grantDate=False
2026-03-03 01:12:00 | INFO     | DEBUG Table 4: rows=28, dataRows=13, headers=['oet home page \n\xa0\n\nfiling options \n\ngrantee registration\n\nmodify grantee information\n\nreply to grantee name change correspondence\n\ntest firm accrediting body login\n\nreturn to 159 / pay for a grantee registration\n\n\n\xa0\n\nreports \n\npending application status\n\nauthorization search\n\ngrantee search\n\npending grantee search\n\ntcb search\n\ntest firms\n\ntest firm accrediting bodies\n\nequipment class/rule part list\n\n\n\xa0\n\nmiscellaneous \n\nget frn\n\nknowledge database\n\nhearing aid compatibility status reporting\n\nmeasurement procedures', 'oet home page', 'oet home page', 'oet home page', ''], fccId=False, grantDate=False
2026-03-03 01:12:00 | INFO     | DEBUG Table 5: rows=3, dataRows=1, headers=['oet home page', 'oet home page', 'oet home page'], fccId=False, grantDate=False
2026-03-03 01:12:00 | INFO     | DEBUG Table 6: rows=2, dataRows=0, headers=['oet home page', 'oet home page'], fccId=False, grantDate=False
2026-03-03 01:12:00 | INFO     | DEBUG Table 7: rows=1, dataRows=0, headers=['oet home page'], fccId=False, grantDate=False
2026-03-03 01:12:00 | INFO     | DEBUG Table 8: rows=2, dataRows=0, headers=[''], fccId=False, grantDate=False
2026-03-03 01:12:00 | INFO     | DEBUG Table 9: rows=2, dataRows=0, headers=['grantee registration\n\nmodify grantee information\n\nreply to grantee name change correspondence\n\ntest firm accrediting body login\n\nreturn to 159 / pay for a grantee registration', 'grantee registration\n\nmodify grantee information\n\nreply to grantee name change correspondence\n\ntest firm accrediting body login\n\nreturn to 159 / pay for a grantee registration'], fccId=False, grantDate=False
2026-03-03 01:12:00 | INFO     | DEBUG Table 10: rows=1, dataRows=0, headers=['grantee registration\n\nmodify grantee information\n\nreply to grantee name change correspondence\n\ntest firm accrediting body login\n\nreturn to 159 / pay for a grantee registration'], fccId=False, grantDate=False
2026-03-03 01:12:00 | INFO     | DEBUG Table 11: rows=2, dataRows=0, headers=[''], fccId=False, grantDate=False
2026-03-03 01:12:00 | INFO     | DEBUG Table 12: rows=2, dataRows=0, headers=['pending application status\n\nauthorization search\n\ngrantee search\n\npending grantee search\n\ntcb search\n\ntest firms\n\ntest firm accrediting bodies\n\nequipment class/rule part list', 'pending application status\n\nauthorization search\n\ngrantee search\n\npending grantee search\n\ntcb search\n\ntest firms\n\ntest firm accrediting bodies\n\nequipment class/rule part list'], fccId=False, grantDate=False
2026-03-03 01:12:00 | INFO     | DEBUG Table 13: rows=1, dataRows=0, headers=['pending application status\n\nauthorization search\n\ngrantee search\n\npending grantee search\n\ntcb search\n\ntest firms\n\ntest firm accrediting bodies\n\nequipment class/rule part list'], fccId=False, grantDate=False
2026-03-03 01:12:00 | INFO     | DEBUG Table 14: rows=2, dataRows=0, headers=[''], fccId=False, grantDate=False
2026-03-03 01:12:00 | INFO     | DEBUG Table 15: rows=2, dataRows=0, headers=['get frn\n\nknowledge database\n\nhearing aid compatibility status reporting\n\nmeasurement procedures', 'get frn\n\nknowledge database\n\nhearing aid compatibility status reporting\n\nmeasurement procedures'], fccId=False, grantDate=False
2026-03-03 01:12:00 | INFO     | DEBUG Table 16: rows=1, dataRows=0, headers=['get frn\n\nknowledge database\n\nhearing aid compatibility status reporting\n\nmeasurement procedures'], fccId=False, grantDate=False
2026-03-03 01:12:00 | INFO     | DEBUG Table 17: rows=11, dataRows=10, headers=['', 'view form', 'display\nexhibits', 'display\ngrant', 'display\ncorresp-\nondence'], fccId=True, grantDate=True
2026-03-03 01:12:00 | INFO     | DEBUG Table 18: rows=1, dataRows=0, headers=[''], fccId=False, grantDate=False
2026-03-03 01:12:00 | INFO     | DEBUG Table 19: rows=1, dataRows=0, headers=[''], fccId=False, grantDate=False
2026-03-03 01:12:00 | INFO     | DEBUG Table 20: rows=7, dataRows=1, headers=['please use the submit inquiry link at www.fcc.gov/labhelp to send any comments or suggestions for this site'], fccId=False, grantDate=False
2026-03-03 01:12:00 | INFO     | DEBUG Table 21: rows=4, dataRows=0, headers=['phone:', '888-call-fcc (225-5322)'], fccId=False, grantDate=False
2026-03-03 01:12:00 | INFO     | DEBUG Table 22: rows=1, dataRows=0, headers=['- privacy policy\n- web policies & notices\n- customer service standards\n- freedom of information act'], fccId=False, grantDate=False
2026-03-03 01:12:00 | INFO     | DEBUG - Selected table index: 17 with 10 data rows
2026-03-03 01:12:00 | ERROR    | Error parsing results: No module named 'bs4'
2026-03-03 01:12:00 | INFO     | Found 0 records for HLE
2026-03-03 01:12:00 | INFO     | Disconnected from Browserless
2026-03-03 01:12:00 | ERROR    | Browserless crawl failed for HLE: Failed to access FCC website after 3 attempts - likely blocked
2026-03-03 01:12:00 | INFO     | === Crawl Complete ===
2026-03-03 01:12:00 | INFO     | Total new records: 0
2026-03-03 01:12:00 | INFO     | Total errors: 1
2026-03-03 01:13:17 | INFO     | Database initialized at /home/node/.openclaw/workspace-shinji/fcc-monitor/data/fcc_monitor.db
2026-03-03 01:13:17 | INFO     | Starting FCC Browserless crawl for 1 grantee codes
2026-03-03 01:13:17 | INFO     | Browserless region: sfo, stealth: True
2026-03-03 01:13:17 | INFO     | === Processing HLE ===
2026-03-03 01:13:17 | INFO     | Browserless endpoint: wss://production-sfo.browserless.io/stealth?token=***
2026-03-03 01:13:18 | INFO     | Connecting to Browserless cloud...
2026-03-03 01:13:20 | INFO     | Successfully connected to Browserless
2026-03-03 01:13:20 | INFO     | Navigating to FCC search page for HLE (attempt 1/3)...
2026-03-03 01:13:21 | DEBUG    | Browser console: Failed to load resource: the server responded with a status of 404 ()
2026-03-03 01:13:26 | DEBUG    | Page title: FCC OET Authorization Search, URL: https://apps.fcc.gov/oetcf/eas/reports/GenericSearch.cfm
2026-03-03 01:13:27 | DEBUG    | Found input with selector: input[name="grantee_code"]
2026-03-03 01:13:30 | INFO     | Clicking search for grantee: HLE
2026-03-03 01:13:31 | DEBUG    | Browser console: Failed to load resource: the server responded with a status of 404 ()
2026-03-03 01:13:38 | INFO     | DEBUG - Found 23 tables
2026-03-03 01:13:38 | INFO     | DEBUG Table 0: rows=3, dataRows=1, headers=['', 'search|rss |updates |e-filing |initiatives |consumers |find people', 'search|rss |updates |e-filing |initiatives |consumers |find people', '', ''], fccId=False, grantDate=False
2026-03-03 01:13:38 | INFO     | DEBUG Table 1: rows=2, dataRows=0, headers=['search|rss |updates |e-filing |initiatives |consumers |find people'], fccId=False, grantDate=False
2026-03-03 01:13:38 | INFO     | DEBUG Table 2: rows=2, dataRows=0, headers=['office of engineering and technology', ''], fccId=False, grantDate=False
2026-03-03 01:13:38 | INFO     | DEBUG Table 3: rows=1, dataRows=1, headers=['', 'fcc > fcc e-filing > eas > search', 'fcc\xa0site\xa0map'], fccId=False, grantDate=False
2026-03-03 01:13:38 | INFO     | DEBUG Table 4: rows=28, dataRows=13, headers=['oet home page \n\xa0\n\nfiling options \n\ngrantee registration\n\nmodify grantee information\n\nreply to grantee name change correspondence\n\ntest firm accrediting body login\n\nreturn to 159 / pay for a grantee registration\n\n\n\xa0\n\nreports \n\npending application status\n\nauthorization search\n\ngrantee search\n\npending grantee search\n\ntcb search\n\ntest firms\n\ntest firm accrediting bodies\n\nequipment class/rule part list\n\n\n\xa0\n\nmiscellaneous \n\nget frn\n\nknowledge database\n\nhearing aid compatibility status reporting\n\nmeasurement procedures', 'oet home page', 'oet home page', 'oet home page', ''], fccId=False, grantDate=False
2026-03-03 01:13:38 | INFO     | DEBUG Table 5: rows=3, dataRows=1, headers=['oet home page', 'oet home page', 'oet home page'], fccId=False, grantDate=False
2026-03-03 01:13:38 | INFO     | DEBUG Table 6: rows=2, dataRows=0, headers=['oet home page', 'oet home page'], fccId=False, grantDate=False
2026-03-03 01:13:38 | INFO     | DEBUG Table 7: rows=1, dataRows=0, headers=['oet home page'], fccId=False, grantDate=False
2026-03-03 01:13:38 | INFO     | DEBUG Table 8: rows=2, dataRows=0, headers=[''], fccId=False, grantDate=False
2026-03-03 01:13:38 | INFO     | DEBUG Table 9: rows=2, dataRows=0, headers=['grantee registration\n\nmodify grantee information\n\nreply to grantee name change correspondence\n\ntest firm accrediting body login\n\nreturn to 159 / pay for a grantee registration', 'grantee registration\n\nmodify grantee information\n\nreply to grantee name change correspondence\n\ntest firm accrediting body login\n\nreturn to 159 / pay for a grantee registration'], fccId=False, grantDate=False
2026-03-03 01:13:38 | INFO     | DEBUG Table 10: rows=1, dataRows=0, headers=['grantee registration\n\nmodify grantee information\n\nreply to grantee name change correspondence\n\ntest firm accrediting body login\n\nreturn to 159 / pay for a grantee registration'], fccId=False, grantDate=False
2026-03-03 01:13:38 | INFO     | DEBUG Table 11: rows=2, dataRows=0, headers=[''], fccId=False, grantDate=False
2026-03-03 01:13:38 | INFO     | DEBUG Table 12: rows=2, dataRows=0, headers=['pending application status\n\nauthorization search\n\ngrantee search\n\npending grantee search\n\ntcb search\n\ntest firms\n\ntest firm accrediting bodies\n\nequipment class/rule part list', 'pending application status\n\nauthorization search\n\ngrantee search\n\npending grantee search\n\ntcb search\n\ntest firms\n\ntest firm accrediting bodies\n\nequipment class/rule part list'], fccId=False, grantDate=False
2026-03-03 01:13:38 | INFO     | DEBUG Table 13: rows=1, dataRows=0, headers=['pending application status\n\nauthorization search\n\ngrantee search\n\npending grantee search\n\ntcb search\n\ntest firms\n\ntest firm accrediting bodies\n\nequipment class/rule part list'], fccId=False, grantDate=False
2026-03-03 01:13:38 | INFO     | DEBUG Table 14: rows=2, dataRows=0, headers=[''], fccId=False, grantDate=False
2026-03-03 01:13:38 | INFO     | DEBUG Table 15: rows=2, dataRows=0, headers=['get frn\n\nknowledge database\n\nhearing aid compatibility status reporting\n\nmeasurement procedures', 'get frn\n\nknowledge database\n\nhearing aid compatibility status reporting\n\nmeasurement procedures'], fccId=False, grantDate=False
2026-03-03 01:13:38 | INFO     | DEBUG Table 16: rows=1, dataRows=0, headers=['get frn\n\nknowledge database\n\nhearing aid compatibility status reporting\n\nmeasurement procedures'], fccId=False, grantDate=False
2026-03-03 01:13:38 | INFO     | DEBUG Table 17: rows=11, dataRows=10, headers=['', 'view form', 'display\nexhibits', 'display\ngrant', 'display\ncorresp-\nondence'], fccId=True, grantDate=True
2026-03-03 01:13:38 | INFO     | DEBUG Table 18: rows=1, dataRows=0, headers=[''], fccId=False, grantDate=False
2026-03-03 01:13:38 | INFO     | DEBUG Table 19: rows=1, dataRows=0, headers=[''], fccId=False, grantDate=False
2026-03-03 01:13:38 | INFO     | DEBUG Table 20: rows=7, dataRows=1, headers=['please use the submit inquiry link at www.fcc.gov/labhelp to send any comments or suggestions for this site'], fccId=False, grantDate=False
2026-03-03 01:13:38 | INFO     | DEBUG Table 21: rows=4, dataRows=0, headers=['phone:', '888-call-fcc (225-5322)'], fccId=False, grantDate=False
2026-03-03 01:13:38 | INFO     | DEBUG Table 22: rows=1, dataRows=0, headers=['- privacy policy\n- web policies & notices\n- customer service standards\n- freedom of information act'], fccId=False, grantDate=False
2026-03-03 01:13:38 | INFO     | DEBUG - Selected table index: 17 with 10 data rows
2026-03-03 01:13:38 | ERROR    | Error parsing results: name 'data' is not defined
2026-03-03 01:13:38 | INFO     | Found 0 records for HLE
2026-03-03 01:13:38 | INFO     | Disconnected from Browserless
2026-03-03 01:13:38 | ERROR    | Browserless crawl failed for HLE: Failed to access FCC website after 3 attempts - likely blocked
2026-03-03 01:13:38 | INFO     | === Crawl Complete ===
2026-03-03 01:13:38 | INFO     | Total new records: 0
2026-03-03 01:13:38 | INFO     | Total errors: 1
