2026-03-02 11:11:32 | INFO     | Database initialized at /home/node/.openclaw/workspace-shinji/fcc-monitor/data/fcc_monitor.db
2026-03-02 11:11:32 | INFO     | Starting FCC crawl for 1 grantee codes
2026-03-02 11:11:32 | INFO     | === Processing UZ7 ===
2026-03-02 11:11:33 | ERROR    | Crawl failed for UZ7: BrowserType.launch: Target page, context or browser has been closed
Browser logs:

<launching> /home/node/.cache/ms-playwright/chromium_headless_shell-1208/chrome-headless-shell-linux64/chrome-headless-shell --disable-field-trial-config --disable-background-networking --disable-background-timer-throttling --disable-backgrounding-occluded-windows --disable-back-forward-cache --disable-breakpad --disable-client-side-phishing-detection --disable-component-extensions-with-background-pages --disable-component-update --no-default-browser-check --disable-default-apps --disable-dev-shm-usage --disable-extensions --disable-features=AvoidUnnecessaryBeforeUnloadCheckSync,BoundaryEventDispatchTracksNodeRemoval,DestroyProfileOnBrowserClose,DialMediaRouteProvider,GlobalMediaControls,HttpsUpgrades,LensOverlay,MediaRouter,PaintHolding,ThirdPartyStoragePartitioning,Translate,AutoDeElevate,RenderDocument,OptimizationHints --enable-features=CDPScreenshotNewSurface --allow-pre-commit-input --disable-hang-monitor --disable-ipc-flooding-protection --disable-popup-blocking --disable-prompt-on-repost --disable-renderer-backgrounding --force-color-profile=srgb --metrics-recording-only --no-first-run --password-store=basic --use-mock-keychain --no-service-autorun --export-tagged-pdf --disable-search-engine-choice-screen --unsafely-disable-devtools-self-xss-warnings --edge-skip-compat-layer-relaunch --enable-automation --disable-infobars --disable-search-engine-choice-screen --disable-sync --enable-unsafe-swiftshader --headless --hide-scrollbars --mute-audio --blink-settings=primaryHoverType=2,availableHoverTypes=2,primaryPointerType=4,availablePointerTypes=4 --no-sandbox --disable-blink-features=AutomationControlled --disable-dev-shm-usage --no-sandbox --user-data-dir=/tmp/playwright_chromiumdev_profile-YHimhr --remote-debugging-pipe --no-startup-window
<launched> pid=3252
[pid=3252][err] /home/node/.cache/ms-playwright/chromium_headless_shell-1208/chrome-headless-shell-linux64/chrome-headless-shell: error while loading shared libraries: libnspr4.so: cannot open shared object file: No such file or directory
Call log:
  - <launching> /home/node/.cache/ms-playwright/chromium_headless_shell-1208/chrome-headless-shell-linux64/chrome-headless-shell --disable-field-trial-config --disable-background-networking --disable-background-timer-throttling --disable-backgrounding-occluded-windows --disable-back-forward-cache --disable-breakpad --disable-client-side-phishing-detection --disable-component-extensions-with-background-pages --disable-component-update --no-default-browser-check --disable-default-apps --disable-dev-shm-usage --disable-extensions --disable-features=AvoidUnnecessaryBeforeUnloadCheckSync,BoundaryEventDispatchTracksNodeRemoval,DestroyProfileOnBrowserClose,DialMediaRouteProvider,GlobalMediaControls,HttpsUpgrades,LensOverlay,MediaRouter,PaintHolding,ThirdPartyStoragePartitioning,Translate,AutoDeElevate,RenderDocument,OptimizationHints --enable-features=CDPScreenshotNewSurface --allow-pre-commit-input --disable-hang-monitor --disable-ipc-flooding-protection --disable-popup-blocking --disable-prompt-on-repost --disable-renderer-backgrounding --force-color-profile=srgb --metrics-recording-only --no-first-run --password-store=basic --use-mock-keychain --no-service-autorun --export-tagged-pdf --disable-search-engine-choice-screen --unsafely-disable-devtools-self-xss-warnings --edge-skip-compat-layer-relaunch --enable-automation --disable-infobars --disable-search-engine-choice-screen --disable-sync --enable-unsafe-swiftshader --headless --hide-scrollbars --mute-audio --blink-settings=primaryHoverType=2,availableHoverTypes=2,primaryPointerType=4,availablePointerTypes=4 --no-sandbox --disable-blink-features=AutomationControlled --disable-dev-shm-usage --no-sandbox --user-data-dir=/tmp/playwright_chromiumdev_profile-YHimhr --remote-debugging-pipe --no-startup-window
  - <launched> pid=3252
  - [pid=3252][err] /home/node/.cache/ms-playwright/chromium_headless_shell-1208/chrome-headless-shell-linux64/chrome-headless-shell: error while loading shared libraries: libnspr4.so: cannot open shared object file: No such file or directory
  - [pid=3252] <gracefully close start>
  - [pid=3252] <kill>
  - [pid=3252] <will force kill>
  - [pid=3252] exception while trying to kill process: Error: kill ESRCH
  - [pid=3252] <process did exit: exitCode=127, signal=null>
  - [pid=3252] starting temporary directories cleanup
  - [pid=3252] finished temporary directories cleanup
  - [pid=3252] <gracefully close end>

2026-03-02 11:13:02 | INFO     | Database initialized at /home/node/.openclaw/workspace-shinji/fcc-monitor/data/fcc_monitor.db
2026-03-02 11:13:02 | INFO     | Starting FCC crawl for 1 grantee codes
2026-03-02 11:13:02 | INFO     | === Processing UZ7 ===
2026-03-02 11:13:03 | INFO     | Browser started: chromium (headless=True)
2026-03-02 11:13:03 | INFO     | Navigating to FCC search page for UZ7...
2026-03-02 11:13:34 | ERROR    | Error searching for UZ7: Page.wait_for_selector: Timeout 30000ms exceeded.
Call log:
  - waiting for locator("form") to be visible

2026-03-02 11:13:34 | INFO     | Screenshot saved: /home/node/.openclaw/workspace-shinji/fcc-monitor/logs/error_UZ7_20260302_111334.png
2026-03-02 11:13:34 | INFO     | Browser closed
2026-03-02 11:13:34 | ERROR    | Crawl failed for UZ7: Page.wait_for_selector: Timeout 30000ms exceeded.
Call log:
  - waiting for locator("form") to be visible

2026-03-02 11:13:34 | INFO     | === Crawl Complete ===
2026-03-02 11:13:34 | INFO     | Total new records: 0
2026-03-02 11:13:34 | INFO     | Total errors: 1
2026-03-02 11:14:16 | INFO     | Database initialized at /home/node/.openclaw/workspace-shinji/fcc-monitor/data/fcc_monitor.db
2026-03-02 11:14:16 | INFO     | Starting FCC crawl for 1 grantee codes
2026-03-02 11:14:16 | INFO     | === Processing UZ7 ===
2026-03-02 11:14:17 | INFO     | Browser started: chromium (headless=True)
2026-03-02 11:14:17 | INFO     | Navigating to FCC search page for UZ7...
2026-03-02 11:15:00 | ERROR    | Could not find search form. Page title: Access Denied
2026-03-02 11:15:00 | DEBUG    | Page URL: https://apps.fcc.gov/oetcf/eas/reports/GenericSearch.cfm
2026-03-02 11:15:00 | DEBUG    | Page HTML (first 2000 chars): <html><head>
<title>Access Denied</title>
</head><body>
<h1>Access Denied</h1>
 
You don't have permission to access "http://apps.fcc.gov/oetcf/eas/reports/GenericSearch.cfm" on this server.<p>
Reference #18.7dbd217.1772450057.211822f8
</p><p>https://errors.edgesuite.net/18.7dbd217.1772450057.211822f8</p>


</body></html>
2026-03-02 11:15:00 | ERROR    | Error searching for UZ7: Could not find search form
2026-03-02 11:15:00 | INFO     | Screenshot saved: /home/node/.openclaw/workspace-shinji/fcc-monitor/logs/error_UZ7_20260302_111500.png
2026-03-02 11:15:00 | INFO     | Browser closed
2026-03-02 11:15:00 | ERROR    | Crawl failed for UZ7: Could not find search form
2026-03-02 11:15:00 | INFO     | === Crawl Complete ===
2026-03-02 11:15:00 | INFO     | Total new records: 0
2026-03-02 11:15:00 | INFO     | Total errors: 1
2026-03-02 11:15:56 | INFO     | Database initialized at /home/node/.openclaw/workspace-shinji/fcc-monitor/data/fcc_monitor.db
2026-03-02 11:15:56 | INFO     | Starting FCC crawl for 1 grantee codes
2026-03-02 11:15:56 | INFO     | === Processing UZ7 ===
2026-03-02 11:15:57 | INFO     | Browser started: chromium (headless=True)
2026-03-02 11:15:57 | INFO     | Navigating to FCC search page for UZ7...
2026-03-02 11:15:57 | DEBUG    | Browser console: error - Failed to load resource: the server responded with a status of 403 ()
2026-03-02 11:16:40 | ERROR    | Could not find search form. Page title: Access Denied
2026-03-02 11:16:40 | DEBUG    | Page URL: https://apps.fcc.gov/oetcf/eas/reports/GenericSearch.cfm
2026-03-02 11:16:40 | DEBUG    | Page HTML (first 2000 chars): <html><head>
<title>Access Denied</title>
</head><body>
<h1>Access Denied</h1>
 
You don't have permission to access "http://apps.fcc.gov/oetcf/eas/reports/GenericSearch.cfm" on this server.<p>
Reference #18.6c2fc017.1772450157.21407573
</p><p>https://errors.edgesuite.net/18.6c2fc017.1772450157.21407573</p>


</body></html>
2026-03-02 11:16:40 | ERROR    | Error searching for UZ7: Could not find search form
2026-03-02 11:16:40 | INFO     | Screenshot saved: /home/node/.openclaw/workspace-shinji/fcc-monitor/logs/error_UZ7_20260302_111640.png
2026-03-02 11:16:40 | INFO     | Browser closed
2026-03-02 11:16:40 | ERROR    | Crawl failed for UZ7: Could not find search form
2026-03-02 11:16:40 | INFO     | === Crawl Complete ===
2026-03-02 11:16:40 | INFO     | Total new records: 0
2026-03-02 11:16:40 | INFO     | Total errors: 1
2026-03-02 11:19:38 | INFO     | Database initialized at /home/node/.openclaw/workspace-shinji/fcc-monitor/data/fcc_monitor.db
2026-03-02 11:19:38 | INFO     | Starting FCC crawl for 1 grantee codes
2026-03-02 11:19:38 | INFO     | === Processing UZ7 ===
2026-03-02 11:19:39 | INFO     | Browser started: chromium (headless=True)
2026-03-02 11:19:39 | INFO     | Navigating to FCC search page for UZ7 (attempt 1/3)...
2026-03-02 11:19:39 | DEBUG    | Browser console: error - Failed to load resource: the server responded with a status of 403 ()
2026-03-02 11:19:42 | WARNING  | Access denied on attempt 1, retrying...
2026-03-02 11:19:47 | DEBUG    | Browser console: error - Failed to load resource: the server responded with a status of 403 ()
2026-03-02 11:19:47 | INFO     | Navigating to FCC search page for UZ7 (attempt 2/3)...
2026-03-02 11:19:47 | DEBUG    | Browser console: error - Failed to load resource: the server responded with a status of 403 ()
2026-03-02 11:19:50 | WARNING  | Access denied on attempt 2, retrying...
2026-03-02 11:20:00 | DEBUG    | Browser console: error - Failed to load resource: the server responded with a status of 403 ()
2026-03-02 11:20:00 | INFO     | Navigating to FCC search page for UZ7 (attempt 3/3)...
2026-03-02 11:20:00 | DEBUG    | Browser console: error - Failed to load resource: the server responded with a status of 403 ()
2026-03-02 11:20:03 | WARNING  | Access denied on attempt 3, retrying...
2026-03-02 11:20:18 | DEBUG    | Browser console: error - Failed to load resource: the server responded with a status of 403 ()
2026-03-02 11:20:19 | INFO     | Browser closed
2026-03-02 11:20:19 | INFO     | === Crawl Complete ===
2026-03-02 11:20:19 | INFO     | Total new records: 0
2026-03-02 11:20:19 | INFO     | Total errors: 0
2026-03-02 11:21:43 | INFO     | Database initialized at /home/node/.openclaw/workspace-shinji/fcc-monitor/data/fcc_monitor.db
2026-03-02 11:21:43 | INFO     | Starting FCC crawl for 1 grantee codes
2026-03-02 11:21:43 | INFO     | === Processing UZ7 ===
2026-03-02 11:21:45 | INFO     | Browser started: chromium (headless=True)
2026-03-02 11:21:45 | INFO     | Navigating to FCC search page for UZ7 (attempt 1/3)...
2026-03-02 11:21:45 | DEBUG    | Browser console: error - Failed to load resource: the server responded with a status of 403 ()
2026-03-02 11:21:45 | WARNING  | HTTP error 403 on attempt 1
2026-03-02 11:21:50 | INFO     | Navigating to FCC search page for UZ7 (attempt 2/3)...
2026-03-02 11:21:50 | DEBUG    | Browser console: error - Failed to load resource: the server responded with a status of 403 ()
2026-03-02 11:21:51 | WARNING  | HTTP error 403 on attempt 2
2026-03-02 11:22:01 | INFO     | Navigating to FCC search page for UZ7 (attempt 3/3)...
2026-03-02 11:22:01 | DEBUG    | Browser console: error - Failed to load resource: the server responded with a status of 403 ()
2026-03-02 11:22:01 | WARNING  | HTTP error 403 on attempt 3
2026-03-02 11:22:16 | INFO     | Browser closed
2026-03-02 11:22:16 | ERROR    | Browser crawl failed for UZ7: Failed to access FCC website after 3 attempts - likely blocked by anti-bot protection
2026-03-02 11:22:16 | INFO     | Attempting SpiderCloud API fallback for UZ7
2026-03-02 11:22:17 | ERROR    | SpiderCloud fallback also failed: TLS/SSL connection has been closed (EOF) (_ssl.c:992)
2026-03-02 11:22:17 | INFO     | === Crawl Complete ===
2026-03-02 11:22:17 | INFO     | Total new records: 0
2026-03-02 11:22:17 | INFO     | Total errors: 1
2026-03-02 11:27:09 | INFO     | Database initialized at /home/node/.openclaw/workspace-shinji/fcc-monitor/data/fcc_monitor.db
2026-03-02 11:27:09 | INFO     | Starting FCC crawl for 1 grantee codes
2026-03-02 11:27:09 | INFO     | === Processing HLE ===
2026-03-02 11:27:11 | INFO     | Browser started: chromium (headless=True)
2026-03-02 11:27:11 | INFO     | Navigating to FCC search page for HLE (attempt 1/3)...
2026-03-02 11:27:11 | DEBUG    | Browser console: error - Failed to load resource: the server responded with a status of 403 ()
2026-03-02 11:27:12 | WARNING  | HTTP error 403 on attempt 1
2026-03-02 11:27:17 | INFO     | Navigating to FCC search page for HLE (attempt 2/3)...
2026-03-02 11:27:17 | DEBUG    | Browser console: error - Failed to load resource: the server responded with a status of 403 ()
2026-03-02 11:27:17 | WARNING  | HTTP error 403 on attempt 2
2026-03-02 11:27:27 | INFO     | Navigating to FCC search page for HLE (attempt 3/3)...
2026-03-02 11:27:27 | DEBUG    | Browser console: error - Failed to load resource: the server responded with a status of 403 ()
2026-03-02 11:27:28 | WARNING  | HTTP error 403 on attempt 3
2026-03-02 11:27:43 | INFO     | Browser closed
2026-03-02 11:27:43 | ERROR    | Browser crawl failed for HLE: Failed to access FCC website after 3 attempts - likely blocked by anti-bot protection
2026-03-02 11:27:43 | INFO     | Attempting SpiderCloud API fallback for HLE
2026-03-02 11:27:43 | ERROR    | SpiderCloud fallback also failed: TLS/SSL connection has been closed (EOF) (_ssl.c:992)
2026-03-02 11:27:43 | INFO     | === Crawl Complete ===
2026-03-02 11:27:43 | INFO     | Total new records: 0
2026-03-02 11:27:43 | INFO     | Total errors: 1
